[1/29] Building CXX object CMakeFiles/avemotion_core.dir/src/core/Hash.cpp.o
[2/29] Linking CXX static library libavemotion_core.a
[3/29] Building CXX object CMakeFiles/avemotion_model.dir/src/model/AssetModel.cpp.o
[4/29] Building CXX object CMakeFiles/avemotion_runtime.dir/src/runtime/Playback.cpp.o
[5/29] Building CXX object CMakeFiles/avemotion_evaluation.dir/src/evaluation/PropertyEvaluator.cpp.o
[6/29] Building CXX object CMakeFiles/avemotion_runtime.dir/src/runtime/RecordingBackend.cpp.o
[7/29] Building CXX object CMakeFiles/avemotion_reference.dir/src/reference/ReferenceRuntime.cpp.o
[8/29] Building CXX object CMakeFiles/avemotion_reference.dir/src/reference/UpstreamInfo.cpp.o
[9/29] Building CXX object CMakeFiles/avemotion_model.dir/src/model/AssetModelBuilder.cpp.o
[10/29] Linking CXX static library libavemotion_model.a
[11/29] Linking CXX static library libavemotion_evaluation.a
[12/29] Linking CXX static library libavemotion_reference.a
[13/29] Building CXX object CMakeFiles/avemotion_runtime.dir/src/runtime/Runtime.cpp.o
[14/29] Linking CXX static library libavemotion_runtime.a
[15/29] Building CXX object CMakeFiles/avemotion_core_tests.dir/tests/core_tests.cpp.o
[16/29] Building CXX object CMakeFiles/avemotion_rendering.dir/src/render/HeadlessBackend.cpp.o
[17/29] Building CXX object CMakeFiles/avemotion_direct2d_header_tests.dir/tests/direct2d_header_tests.cpp.o
[18/29] Building CXX object CMakeFiles/avemotion_rendering.dir/src/render/RenderPlanner.cpp.o
[19/29] Linking CXX static library libavemotion_rendering.a
[20/29] Building CXX object CMakeFiles/avemotion_render_plan_tests.dir/tests/render_plan_tests.cpp.o
[21/29] Linking CXX executable avemotion_core_tests
[22/29] Building CXX object CMakeFiles/avemotion_offline_tests.dir/tests/offline_tests.cpp.o
[23/29] Linking CXX executable avemotion_render_plan_tests
[24/29] Linking CXX executable avemotion_direct2d_header_tests
[25/29] Building CXX object CMakeFiles/avemotion_runtime_offline_tests.dir/tests/runtime_offline_tests.cpp.o
[26/29] Linking CXX executable avemotion_offline_tests
[27/29] Linking CXX executable avemotion_runtime_offline_tests
[28/29] Building CXX object CMakeFiles/avemotion_property_evaluator_tests.dir/tests/property_evaluator_tests.cpp.o
[29/29] Linking CXX executable avemotion_property_evaluator_tests
