Preset CMake variables:

  AVEMOTION_BUILD_CHARACTERIZER="OFF"
  AVEMOTION_BUILD_PLAN_CHARACTERIZER="OFF"
  AVEMOTION_BUILD_PROBE="ON"
  AVEMOTION_BUILD_SCENE_CHARACTERIZER="OFF"
  AVEMOTION_ENABLE_INSTALL="ON"
  AVEMOTION_RLOTTIE_VARIANT="none"
  BUILD_TESTING="ON"
  CMAKE_BUILD_TYPE="Debug"
  CMAKE_CXX_COMPILER="clang++"
  CMAKE_C_COMPILER="clang"
  CMAKE_EXPORT_COMPILE_COMMANDS="ON"

-- The C compiler identification is Clang 17.0.0
-- The CXX compiler identification is Clang 17.0.0
-- The ASM compiler identification is Clang with GNU-like command-line
-- Found assembler: /usr/local/swift/usr/bin/clang
-- Detecting C compiler ABI info
-- Detecting C compiler ABI info - done
-- Check for working C compiler: /usr/local/swift/usr/bin/clang - skipped
-- Detecting C compile features
-- Detecting C compile features - done
-- Detecting CXX compiler ABI info
-- Detecting CXX compiler ABI info - done
-- Check for working CXX compiler: /usr/local/swift/usr/bin/clang++ - skipped
-- Detecting CXX compile features
-- Detecting CXX compile features - done
-- Found Python3: /opt/pyvenv/bin/python3 (found version "3.13.5") found components: Interpreter
-- Configuring done (3.5s)
-- Generating done (0.0s)
-- Build files have been written to: /mnt/data/work/AveMotion-Part4/out/build/linux-clang-offline
