[1/23] Building CXX object CMakeFiles/avemotion_core.dir/src/core/Hash.cpp.o
[2/23] Linking CXX static library libavemotion_core.a
[3/23] Building CXX object CMakeFiles/avemotion_runtime.dir/src/runtime/RecordingBackend.cpp.o
[4/23] Building CXX object CMakeFiles/avemotion_runtime.dir/src/runtime/Runtime.cpp.o
/mnt/data/work/AveMotion-Part4/src/runtime/Runtime.cpp:98:15: warning: unused function 'elapsedNanoseconds' [-Wunused-function]
   98 | std::uint64_t elapsedNanoseconds(Clock::time_point start) noexcept {
      |               ^~~~~~~~~~~~~~~~~~
/mnt/data/work/AveMotion-Part4/src/runtime/Runtime.cpp:104:13: warning: unused function 'makeCacheKey' [-Wunused-function]
  104 | std::string makeCacheKey(std::uint64_t sourceHash) {
      |             ^~~~~~~~~~~~
/mnt/data/work/AveMotion-Part4/src/runtime/Runtime.cpp:108:13: warning: unused function 'clampFrame' [-Wunused-function]
  108 | std::size_t clampFrame(std::size_t requested, const AssetMetadata& metadata) noexcept {
      |             ^~~~~~~~~~
3 warnings generated.
[5/23] Building CXX object CMakeFiles/avemotion_reference.dir/src/reference/ReferenceRuntime.cpp.o
[6/23] Linking CXX static library libavemotion_runtime.a
[7/23] Building CXX object CMakeFiles/avemotion_reference.dir/src/reference/UpstreamInfo.cpp.o
[8/23] Building CXX object CMakeFiles/avemotion_rendering.dir/src/render/HeadlessBackend.cpp.o
[9/23] Linking CXX static library libavemotion_reference.a
[10/23] Building CXX object CMakeFiles/avemotion_rendering.dir/src/render/RenderPlanner.cpp.o
[11/23] Linking CXX static library libavemotion_rendering.a
[12/23] Building CXX object CMakeFiles/avemotion_probe.dir/apps/probe/main.cpp.o
[13/23] Building CXX object CMakeFiles/avemotion_core_tests.dir/tests/core_tests.cpp.o
[14/23] Building CXX object CMakeFiles/avemotion_direct2d_header_tests.dir/tests/direct2d_header_tests.cpp.o
[15/23] Building CXX object CMakeFiles/avemotion_render_plan_tests.dir/tests/render_plan_tests.cpp.o
[16/23] Building CXX object CMakeFiles/avemotion_offline_tests.dir/tests/offline_tests.cpp.o
[17/23] Linking CXX executable avemotion_probe
[18/23] Linking CXX executable avemotion_core_tests
[19/23] Linking CXX executable avemotion_render_plan_tests
[20/23] Building CXX object CMakeFiles/avemotion_runtime_offline_tests.dir/tests/runtime_offline_tests.cpp.o
[21/23] Linking CXX executable avemotion_direct2d_header_tests
[22/23] Linking CXX executable avemotion_offline_tests
[23/23] Linking CXX executable avemotion_runtime_offline_tests
