[1/35] Building CXX object CMakeFiles/avemotion_core.dir/src/core/Hash.cpp.o
[2/35] Linking CXX static library libavemotion_core.a
[3/35] Building CXX object CMakeFiles/avemotion_model.dir/src/model/AssetModel.cpp.o
[4/35] Building CXX object CMakeFiles/avemotion_evaluation.dir/src/evaluation/PropertyEvaluator.cpp.o
[5/35] Building CXX object CMakeFiles/avemotion_model.dir/src/model/AssetModelBuilder.cpp.o
[6/35] Linking CXX static library libavemotion_model.a
[7/35] Linking CXX static library libavemotion_evaluation.a
[8/35] Building CXX object CMakeFiles/avemotion_runtime.dir/src/runtime/Playback.cpp.o
[9/35] Building CXX object CMakeFiles/avemotion_runtime.dir/src/runtime/RecordingBackend.cpp.o
[10/35] Building CXX object CMakeFiles/avemotion_reference.dir/src/reference/ReferenceRuntime.cpp.o
[11/35] Building CXX object CMakeFiles/avemotion_runtime.dir/src/runtime/Runtime.cpp.o
[12/35] Linking CXX static library libavemotion_runtime.a
[13/35] Building CXX object CMakeFiles/avemotion_reference.dir/src/reference/UpstreamInfo.cpp.o
[14/35] Building CXX object CMakeFiles/avemotion_rendering.dir/src/render/PrimitivePathGenerator.cpp.o
[15/35] Building CXX object CMakeFiles/avemotion_rendering.dir/src/render/RenderPlanner.cpp.o
[16/35] Building CXX object CMakeFiles/avemotion_rendering.dir/src/render/HeadlessBackend.cpp.o
[17/35] Linking CXX static library libavemotion_reference.a
[18/35] Building CXX object CMakeFiles/avemotion_rendering.dir/src/render/SourceGeometryProjector.cpp.o
[19/35] Linking CXX static library libavemotion_rendering.a
[20/35] Building CXX object CMakeFiles/avemotion_probe.dir/apps/probe/main.cpp.o
[21/35] Building CXX object CMakeFiles/avemotion_core_tests.dir/tests/core_tests.cpp.o
[22/35] Building CXX object CMakeFiles/avemotion_render_plan_tests.dir/tests/render_plan_tests.cpp.o
[23/35] Building CXX object CMakeFiles/avemotion_polystar_geometry_tests.dir/tests/polystar_geometry_tests.cpp.o
[24/35] Building CXX object CMakeFiles/avemotion_property_evaluator_tests.dir/tests/property_evaluator_tests.cpp.o
[25/35] Building CXX object CMakeFiles/avemotion_direct2d_header_tests.dir/tests/direct2d_header_tests.cpp.o
[26/35] Building CXX object CMakeFiles/avemotion_offline_tests.dir/tests/offline_tests.cpp.o
[27/35] Linking CXX executable avemotion_probe
[28/35] Linking CXX executable avemotion_core_tests
[29/35] Building CXX object CMakeFiles/avemotion_runtime_offline_tests.dir/tests/runtime_offline_tests.cpp.o
[30/35] Linking CXX executable avemotion_property_evaluator_tests
[31/35] Linking CXX executable avemotion_render_plan_tests
[32/35] Linking CXX executable avemotion_polystar_geometry_tests
[33/35] Linking CXX executable avemotion_direct2d_header_tests
[34/35] Linking CXX executable avemotion_offline_tests
[35/35] Linking CXX executable avemotion_runtime_offline_tests
