CMake Deprecation Warning at third_party/rlottie/samsung/source/CMakeLists.txt:1 (cmake_minimum_required):
  Compatibility with CMake < 3.10 will be removed from a future version of
  CMake.

  Update the VERSION argument <min> value.  Or, use the <min>...<max> syntax
  to tell CMake that the project requires at least <min> but has been updated
  to work with policies introduced by <max> or earlier.

Preset CMake variables:

  AVEMOTION_BUILD_CHARACTERIZER="ON"
  AVEMOTION_BUILD_PLAN_CHARACTERIZER="ON"
  AVEMOTION_BUILD_PROBE="ON"
  AVEMOTION_BUILD_PROPERTY_CHARACTERIZER="ON"
  AVEMOTION_BUILD_SCENE_CHARACTERIZER="ON"
  AVEMOTION_ENABLE_INSTALL="OFF"
  AVEMOTION_RLOTTIE_VARIANT="samsung"
  BUILD_TESTING="ON"
  CMAKE_BUILD_TYPE="Release"
  CMAKE_CXX_COMPILER="g++"
  CMAKE_C_COMPILER="gcc"
  CMAKE_EXPORT_COMPILE_COMMANDS="ON"


-- AveMotion reference variant: samsung (2cab35db755b0e39df40b679969495e90d39c578)
-- Configuring done (3.7s)
-- Generating done (0.0s)
-- Build files have been written to: /mnt/data/work_part11/out/build/linux-gcc-samsung-release
[1/8] Building CXX object CMakeFiles/avemotion_rendering.dir/src/render/PrimitivePathGenerator.cpp.o
[2/8] Building CXX object CMakeFiles/avemotion_rendering.dir/src/render/SourceGeometryProjector.cpp.o
[3/8] Linking CXX static library libavemotion_rendering.a
[4/8] Linking CXX executable avemotion_direct2d_header_tests
[5/8] Linking CXX executable avemotion_plan_characterize
[6/8] Linking CXX executable avemotion_render_plan_tests
[7/8] Linking CXX executable avemotion_canonical_geometry_tests
[8/8] Linking CXX executable avemotion_plan_golden_tests
Test project /mnt/data/work_part11/out/build/linux-gcc-samsung-release
      Start  1: avemotion.core
 1/16 Test  #1: avemotion.core .......................   Passed    0.00 sec
      Start  2: avemotion.evaluation.properties
 2/16 Test  #2: avemotion.evaluation.properties ......   Passed    0.00 sec
      Start  3: avemotion.render.plan
 3/16 Test  #3: avemotion.render.plan ................   Passed    0.00 sec
      Start  4: avemotion.direct2d.header
 4/16 Test  #4: avemotion.direct2d.header ............   Passed    0.00 sec
      Start  5: avemotion.vendor.verify
 5/16 Test  #5: avemotion.vendor.verify ..............   Passed    0.60 sec
      Start  6: avemotion.reference
 6/16 Test  #6: avemotion.reference ..................   Passed    0.01 sec
      Start  7: avemotion.runtime.seams
 7/16 Test  #7: avemotion.runtime.seams ..............   Passed    0.01 sec
      Start  8: avemotion.runtime.asset_model
 8/16 Test  #8: avemotion.runtime.asset_model ........   Passed    0.00 sec
      Start  9: avemotion.runtime.playback
 9/16 Test  #9: avemotion.runtime.playback ...........   Passed    0.00 sec
      Start 10: avemotion.runtime.canonical
10/16 Test #10: avemotion.runtime.canonical ..........   Passed    0.01 sec
      Start 11: avemotion.vendor.manifest
11/16 Test #11: avemotion.vendor.manifest ............   Passed    0.00 sec
      Start 12: avemotion.characterize.smoke
12/16 Test #12: avemotion.characterize.smoke .........   Passed    0.00 sec
      Start 13: avemotion.scene.characterize.smoke
13/16 Test #13: avemotion.scene.characterize.smoke ...   Passed    0.00 sec
      Start 14: avemotion.scene.golden
14/16 Test #14: avemotion.scene.golden ...............   Passed    0.00 sec
      Start 15: avemotion.plan.characterize.smoke
15/16 Test #15: avemotion.plan.characterize.smoke ....   Passed    0.00 sec
      Start 16: avemotion.plan.golden
16/16 Test #16: avemotion.plan.golden ................   Passed    0.00 sec

100% tests passed, 0 tests failed out of 16

Total Test time (real) =   0.65 sec
