-- The C compiler identification is Clang 17.0.0
-- The CXX compiler identification is Clang 17.0.0
-- The ASM compiler identification is Clang with GNU-like command-line
-- Found assembler: /usr/local/swift/usr/bin/clang
-- Detecting C compiler ABI info
-- Detecting C compiler ABI info - done
-- Check for working C compiler: /usr/local/swift/usr/bin/clang - skipped
-- Detecting C compile features
-- Detecting C compile features - done
-- Detecting CXX compiler ABI info
-- Detecting CXX compiler ABI info - done
-- Check for working CXX compiler: /usr/local/swift/usr/bin/clang++ - skipped
-- Detecting CXX compile features
-- Detecting CXX compile features - done
-- Found Python3: /opt/pyvenv/bin/python3 (found version "3.13.5") found components: Interpreter
-- Configuring done (4.3s)
-- Generating done (0.0s)
-- Build files have been written to: /mnt/data/work_part11/out/build/linux-clang-offline-asan
[1/33] Building CXX object CMakeFiles/avemotion_core.dir/src/core/Hash.cpp.o
[2/33] Linking CXX static library libavemotion_core.a
[3/33] Building CXX object CMakeFiles/avemotion_model.dir/src/model/AssetModel.cpp.o
[4/33] Building CXX object CMakeFiles/avemotion_runtime.dir/src/runtime/Playback.cpp.o
[5/33] Building CXX object CMakeFiles/avemotion_runtime.dir/src/runtime/RecordingBackend.cpp.o
[6/33] Building CXX object CMakeFiles/avemotion_evaluation.dir/src/evaluation/PropertyEvaluator.cpp.o
[7/33] Building CXX object CMakeFiles/avemotion_model.dir/src/model/AssetModelBuilder.cpp.o
[8/33] Building CXX object CMakeFiles/avemotion_reference.dir/src/reference/UpstreamInfo.cpp.o
[9/33] Linking CXX static library libavemotion_model.a
[10/33] Linking CXX static library libavemotion_evaluation.a
[11/33] Building CXX object CMakeFiles/avemotion_reference.dir/src/reference/ReferenceRuntime.cpp.o
[12/33] Building CXX object CMakeFiles/avemotion_runtime.dir/src/runtime/Runtime.cpp.o
[13/33] Linking CXX static library libavemotion_runtime.a
[14/33] Building CXX object CMakeFiles/avemotion_rendering.dir/src/render/PrimitivePathGenerator.cpp.o
[15/33] Linking CXX static library libavemotion_reference.a
[16/33] Building CXX object CMakeFiles/avemotion_rendering.dir/src/render/HeadlessBackend.cpp.o
[17/33] Building CXX object CMakeFiles/avemotion_rendering.dir/src/render/SourceGeometryProjector.cpp.o
[18/33] Building CXX object CMakeFiles/avemotion_core_tests.dir/tests/core_tests.cpp.o
[19/33] Building CXX object CMakeFiles/avemotion_rendering.dir/src/render/RenderPlanner.cpp.o
[20/33] Linking CXX static library libavemotion_rendering.a
[21/33] Building CXX object CMakeFiles/avemotion_probe.dir/apps/probe/main.cpp.o
[22/33] Building CXX object CMakeFiles/avemotion_offline_tests.dir/tests/offline_tests.cpp.o
[23/33] Building CXX object CMakeFiles/avemotion_direct2d_header_tests.dir/tests/direct2d_header_tests.cpp.o
[24/33] Linking CXX executable avemotion_probe
[25/33] Linking CXX executable avemotion_core_tests
[26/33] Linking CXX executable avemotion_direct2d_header_tests
[27/33] Linking CXX executable avemotion_offline_tests
[28/33] Building CXX object CMakeFiles/avemotion_render_plan_tests.dir/tests/render_plan_tests.cpp.o
[29/33] Building CXX object CMakeFiles/avemotion_runtime_offline_tests.dir/tests/runtime_offline_tests.cpp.o
[30/33] Linking CXX executable avemotion_render_plan_tests
[31/33] Linking CXX executable avemotion_runtime_offline_tests
[32/33] Building CXX object CMakeFiles/avemotion_property_evaluator_tests.dir/tests/property_evaluator_tests.cpp.o
[33/33] Linking CXX executable avemotion_property_evaluator_tests
Internal ctest changing into directory: /mnt/data/work_part11/out/build/linux-clang-offline-asan
Test project /mnt/data/work_part11/out/build/linux-clang-offline-asan
    Start 1: avemotion.core
1/7 Test #1: avemotion.core ....................   Passed    0.01 sec
    Start 2: avemotion.evaluation.properties
2/7 Test #2: avemotion.evaluation.properties ...   Passed    0.02 sec
    Start 3: avemotion.render.plan
3/7 Test #3: avemotion.render.plan .............   Passed    0.01 sec
    Start 4: avemotion.direct2d.header
4/7 Test #4: avemotion.direct2d.header .........   Passed    0.01 sec
    Start 5: avemotion.vendor.verify
5/7 Test #5: avemotion.vendor.verify ...........   Passed    0.57 sec
    Start 6: avemotion.offline
6/7 Test #6: avemotion.offline .................   Passed    0.01 sec
    Start 7: avemotion.runtime.offline
7/7 Test #7: avemotion.runtime.offline .........   Passed    0.01 sec

100% tests passed, 0 tests failed out of 7

Total Test time (real) =   0.63 sec
