[1/72] Building CXX object _deps/rlottie-telegram/CMakeFiles/rlottie.dir/src/vector/freetype/v_ft_math.cpp.o
[2/72] Building CXX object _deps/rlottie-telegram/CMakeFiles/rlottie.dir/src/vector/freetype/v_ft_raster.cpp.o
[3/72] Building CXX object _deps/rlottie-telegram/CMakeFiles/rlottie.dir/src/vector/freetype/v_ft_stroker.cpp.o
[4/72] Building CXX object CMakeFiles/avemotion_core.dir/src/core/Hash.cpp.o
[5/72] Building CXX object _deps/rlottie-telegram/CMakeFiles/rlottie.dir/src/vector/pixman/vregion.cpp.o
[6/72] Building CXX object _deps/rlottie-telegram/CMakeFiles/rlottie.dir/src/vector/stb/stb_image.cpp.o
[7/72] Building CXX object _deps/rlottie-telegram/CMakeFiles/rlottie.dir/src/vector/vrect.cpp.o
[8/72] Building CXX object _deps/rlottie-telegram/CMakeFiles/rlottie.dir/src/vector/vdasher.cpp.o
[9/72] Building CXX object _deps/rlottie-telegram/CMakeFiles/rlottie.dir/src/vector/vbrush.cpp.o
[10/72] Building CXX object _deps/rlottie-telegram/CMakeFiles/rlottie.dir/src/vector/vbitmap.cpp.o
[11/72] Building CXX object _deps/rlottie-telegram/CMakeFiles/rlottie.dir/src/vector/vpainter.cpp.o
[12/72] Building CXX object _deps/rlottie-telegram/CMakeFiles/rlottie.dir/src/vector/vcompositionfunctions.cpp.o
[13/72] Building CXX object _deps/rlottie-telegram/CMakeFiles/rlottie.dir/src/vector/vdrawhelper_sse2.cpp.o
[14/72] Building CXX object _deps/rlottie-telegram/CMakeFiles/rlottie.dir/src/vector/vdrawhelper_neon.cpp.o
[15/72] Building CXX object _deps/rlottie-telegram/CMakeFiles/rlottie.dir/src/vector/vdrawhelper.cpp.o
[16/72] Building CXX object _deps/rlottie-telegram/CMakeFiles/rlottie.dir/src/vector/vrle.cpp.o
[17/72] Building CXX object _deps/rlottie-telegram/CMakeFiles/rlottie.dir/src/vector/vpath.cpp.o
[18/72] Building CXX object _deps/rlottie-telegram/CMakeFiles/rlottie.dir/src/vector/vmatrix.cpp.o
[19/72] Building CXX object _deps/rlottie-telegram/CMakeFiles/rlottie.dir/src/vector/vpathmesure.cpp.o
[20/72] Building CXX object _deps/rlottie-telegram/CMakeFiles/rlottie.dir/src/vector/vdebug.cpp.o
[21/72] Building CXX object _deps/rlottie-telegram/CMakeFiles/rlottie.dir/src/vector/velapsedtimer.cpp.o
[22/72] Building CXX object _deps/rlottie-telegram/CMakeFiles/rlottie.dir/src/vector/vinterpolator.cpp.o
[23/72] Building CXX object _deps/rlottie-telegram/CMakeFiles/rlottie.dir/src/vector/vbezier.cpp.o
[24/72] Building CXX object _deps/rlottie-telegram/CMakeFiles/rlottie.dir/src/vector/vraster.cpp.o
[25/72] Building CXX object _deps/rlottie-telegram/CMakeFiles/rlottie.dir/src/vector/vdrawable.cpp.o
[26/72] Building CXX object _deps/rlottie-telegram/CMakeFiles/rlottie.dir/src/vector/vimageloader.cpp.o
[27/72] Building CXX object _deps/rlottie-telegram/CMakeFiles/rlottie.dir/src/lottie/lottieloader.cpp.o
[28/72] Building CXX object _deps/rlottie-telegram/CMakeFiles/rlottie.dir/src/lottie/lottiemodel.cpp.o
/mnt/data/work/part5repo/third_party/rlottie/telegram/source/src/lottie/lottiemodel.cpp:191:40: warning: comparison of integers of different signs: 'int' and 'size_type' (aka 'unsigned long') [-Wsign-compare]
  191 |     if (colorPoints < 0 || colorPoints > size / 4) {  // for legacy bodymovin (ref: lottie-android)
      |                            ~~~~~~~~~~~ ^ ~~~~~~~~
/mnt/data/work/part5repo/third_party/rlottie/telegram/source/src/lottie/lottiemodel.cpp:195:53: warning: comparison of integers of different signs: 'int' and 'size_type' (aka 'unsigned long') [-Wsign-compare]
  195 |     if ((opacityArraySize % 2 != 0) || (colorPoints > opacityArraySize / 2 && opacityArraySize < 4)) {
      |                                         ~~~~~~~~~~~ ^ ~~~~~~~~~~~~~~~~~~~~
2 warnings generated.
[29/72] Building CXX object _deps/rlottie-telegram/CMakeFiles/rlottie.dir/src/lottie/lottieproxymodel.cpp.o
[30/72] Building CXX object _deps/rlottie-telegram/CMakeFiles/rlottie.dir/src/lottie/lottieitem.cpp.o
[31/72] Building CXX object _deps/rlottie-telegram/CMakeFiles/rlottie.dir/src/lottie/lottieanimation.cpp.o
[32/72] Building CXX object _deps/rlottie-telegram/CMakeFiles/rlottie.dir/src/lottie/lottiekeypath.cpp.o
[33/72] Building CXX object _deps/rlottie-telegram/CMakeFiles/rlottie.dir/src/binding/c/lottieanimation_capi.cpp.o
[34/72] Linking CXX static library libavemotion_core.a
[35/72] Building CXX object _deps/rlottie-telegram/CMakeFiles/rlottie.dir/src/lottie/lottieparser.cpp.o
[36/72] Building CXX object CMakeFiles/avemotion_runtime.dir/src/runtime/RecordingBackend.cpp.o
[37/72] Building CXX object CMakeFiles/avemotion_runtime.dir/src/runtime/RlottieSceneBridge.cpp.o
[38/72] Linking CXX static library _deps/rlottie-telegram/librlottie.a
[39/72] Building CXX object CMakeFiles/avemotion_runtime.dir/src/runtime/Runtime.cpp.o
[40/72] Building CXX object CMakeFiles/avemotion_reference.dir/src/reference/UpstreamInfo.cpp.o
[41/72] Linking CXX static library libavemotion_runtime.a
[42/72] Building CXX object CMakeFiles/avemotion_reference.dir/src/reference/ReferenceRuntime.cpp.o
[43/72] Building CXX object CMakeFiles/avemotion_rendering.dir/src/render/HeadlessBackend.cpp.o
[44/72] Linking CXX static library libavemotion_reference.a
[45/72] Building CXX object CMakeFiles/avemotion_rendering.dir/src/render/RenderPlanner.cpp.o
[46/72] Linking CXX static library libavemotion_rendering.a
[47/72] Building CXX object CMakeFiles/avemotion_probe.dir/apps/probe/main.cpp.o
[48/72] Building CXX object CMakeFiles/avemotion_characterize.dir/apps/characterize/main.cpp.o
[49/72] Building CXX object CMakeFiles/avemotion_scene_characterize.dir/apps/scene_characterize/main.cpp.o
[50/72] Building CXX object CMakeFiles/avemotion_core_tests.dir/tests/core_tests.cpp.o
[51/72] Building CXX object CMakeFiles/avemotion_plan_characterize.dir/apps/plan_characterize/main.cpp.o
[52/72] Building CXX object CMakeFiles/avemotion_render_plan_tests.dir/tests/render_plan_tests.cpp.o
[53/72] Building CXX object CMakeFiles/avemotion_direct2d_header_tests.dir/tests/direct2d_header_tests.cpp.o
[54/72] Building CXX object CMakeFiles/avemotion_runtime_seams_tests.dir/tests/runtime_seams_tests.cpp.o
[55/72] Building CXX object CMakeFiles/avemotion_reference_tests.dir/tests/reference_tests.cpp.o
[56/72] Building CXX object CMakeFiles/avemotion_manifest_tests.dir/tests/manifest_tests.cpp.o
[57/72] Building CXX object CMakeFiles/avemotion_canonical_geometry_tests.dir/tests/canonical_geometry_tests.cpp.o
[58/72] Building CXX object CMakeFiles/avemotion_scene_golden_tests.dir/tests/scene_golden_tests.cpp.o
[59/72] Linking CXX executable avemotion_probe
[60/72] Linking CXX executable avemotion_characterize
[61/72] Linking CXX executable avemotion_scene_characterize
[62/72] Building CXX object CMakeFiles/avemotion_plan_golden_tests.dir/tests/plan_golden_tests.cpp.o
[63/72] Linking CXX executable avemotion_core_tests
[64/72] Linking CXX executable avemotion_plan_characterize
[65/72] Linking CXX executable avemotion_render_plan_tests
[66/72] Linking CXX executable avemotion_direct2d_header_tests
[67/72] Linking CXX executable avemotion_reference_tests
[68/72] Linking CXX executable avemotion_runtime_seams_tests
[69/72] Linking CXX executable avemotion_manifest_tests
[70/72] Linking CXX executable avemotion_canonical_geometry_tests
[71/72] Linking CXX executable avemotion_scene_golden_tests
[72/72] Linking CXX executable avemotion_plan_golden_tests
