[1/113] Building CXX object CMakeFiles/avemotion_core.dir/src/core/Hash.cpp.o
[2/113] Linking CXX static library libavemotion_core.a
[3/113] Building CXX object _deps/rlottie-telegram/CMakeFiles/rlottie.dir/src/vector/freetype/v_ft_math.cpp.o
[4/113] Building CXX object _deps/rlottie-telegram/CMakeFiles/rlottie.dir/src/vector/freetype/v_ft_raster.cpp.o
[5/113] Building CXX object CMakeFiles/avemotion_model.dir/src/model/AssetModel.cpp.o
[6/113] Building CXX object _deps/rlottie-telegram/CMakeFiles/rlottie.dir/src/vector/freetype/v_ft_stroker.cpp.o
[7/113] Building CXX object _deps/rlottie-telegram/CMakeFiles/rlottie.dir/src/vector/stb/stb_image.cpp.o
[8/113] Building CXX object _deps/rlottie-telegram/CMakeFiles/rlottie.dir/src/vector/pixman/vregion.cpp.o
[9/113] Building CXX object _deps/rlottie-telegram/CMakeFiles/rlottie.dir/src/vector/vrect.cpp.o
[10/113] Building CXX object _deps/rlottie-telegram/CMakeFiles/rlottie.dir/src/vector/vdasher.cpp.o
[11/113] Building CXX object CMakeFiles/avemotion_evaluation.dir/src/evaluation/PropertyEvaluator.cpp.o
[12/113] Building CXX object CMakeFiles/avemotion_model.dir/src/model/AssetModelBuilder.cpp.o
[13/113] Linking CXX static library libavemotion_model.a
[14/113] Building CXX object _deps/rlottie-telegram/CMakeFiles/rlottie.dir/src/vector/vbrush.cpp.o
[15/113] Building CXX object _deps/rlottie-telegram/CMakeFiles/rlottie.dir/src/vector/vbitmap.cpp.o
[16/113] Building CXX object _deps/rlottie-telegram/CMakeFiles/rlottie.dir/src/vector/vpainter.cpp.o
[17/113] Building CXX object _deps/rlottie-telegram/CMakeFiles/rlottie.dir/src/vector/vdrawhelper_neon.cpp.o
[18/113] Building CXX object _deps/rlottie-telegram/CMakeFiles/rlottie.dir/src/vector/vcompositionfunctions.cpp.o
[19/113] Building CXX object _deps/rlottie-telegram/CMakeFiles/rlottie.dir/src/vector/vdrawhelper_sse2.cpp.o
[20/113] Building CXX object _deps/rlottie-telegram/CMakeFiles/rlottie.dir/src/vector/vrle.cpp.o
[21/113] Building CXX object _deps/rlottie-telegram/CMakeFiles/rlottie.dir/src/vector/vdrawhelper.cpp.o
[22/113] Building CXX object _deps/rlottie-telegram/CMakeFiles/rlottie.dir/src/vector/vpath.cpp.o
[23/113] Building CXX object _deps/rlottie-telegram/CMakeFiles/rlottie.dir/src/vector/vdebug.cpp.o
[24/113] Building CXX object _deps/rlottie-telegram/CMakeFiles/rlottie.dir/src/vector/vpathmesure.cpp.o
[25/113] Building CXX object _deps/rlottie-telegram/CMakeFiles/rlottie.dir/src/vector/vmatrix.cpp.o
[26/113] Building CXX object _deps/rlottie-telegram/CMakeFiles/rlottie.dir/src/vector/velapsedtimer.cpp.o
[27/113] Building CXX object _deps/rlottie-telegram/CMakeFiles/rlottie.dir/src/vector/vinterpolator.cpp.o
[28/113] Building CXX object _deps/rlottie-telegram/CMakeFiles/rlottie.dir/src/vector/vbezier.cpp.o
[29/113] Building CXX object _deps/rlottie-telegram/CMakeFiles/rlottie.dir/src/vector/vimageloader.cpp.o
[30/113] Building CXX object _deps/rlottie-telegram/CMakeFiles/rlottie.dir/src/vector/vdrawable.cpp.o
[31/113] Building CXX object _deps/rlottie-telegram/CMakeFiles/rlottie.dir/src/vector/vraster.cpp.o
[32/113] Building CXX object _deps/rlottie-telegram/CMakeFiles/rlottie.dir/src/lottie/lottieproxymodel.cpp.o
[33/113] Building CXX object _deps/rlottie-telegram/CMakeFiles/rlottie.dir/src/lottie/lottieloader.cpp.o
[34/113] Building CXX object _deps/rlottie-telegram/CMakeFiles/rlottie.dir/src/lottie/lottiemodel.cpp.o
/mnt/data/work_part18/third_party/rlottie/telegram/source/src/lottie/lottiemodel.cpp:191:40: warning: comparison of integers of different signs: 'int' and 'size_type' (aka 'unsigned long') [-Wsign-compare]
  191 |     if (colorPoints < 0 || colorPoints > size / 4) {  // for legacy bodymovin (ref: lottie-android)
      |                            ~~~~~~~~~~~ ^ ~~~~~~~~
/mnt/data/work_part18/third_party/rlottie/telegram/source/src/lottie/lottiemodel.cpp:195:53: warning: comparison of integers of different signs: 'int' and 'size_type' (aka 'unsigned long') [-Wsign-compare]
  195 |     if ((opacityArraySize % 2 != 0) || (colorPoints > opacityArraySize / 2 && opacityArraySize < 4)) {
      |                                         ~~~~~~~~~~~ ^ ~~~~~~~~~~~~~~~~~~~~
2 warnings generated.
[35/113] Building CXX object _deps/rlottie-telegram/CMakeFiles/rlottie.dir/src/lottie/lottiekeypath.cpp.o
[36/113] Building CXX object _deps/rlottie-telegram/CMakeFiles/rlottie.dir/src/binding/c/lottieanimation_capi.cpp.o
[37/113] Linking CXX static library libavemotion_evaluation.a
[38/113] Building CXX object _deps/rlottie-telegram/CMakeFiles/rlottie.dir/src/lottie/lottieitem.cpp.o
[39/113] Building CXX object CMakeFiles/avemotion_runtime.dir/src/runtime/Playback.cpp.o
[40/113] Building CXX object _deps/rlottie-telegram/CMakeFiles/rlottie.dir/src/lottie/lottieanimation.cpp.o
[41/113] Building CXX object _deps/rlottie-telegram/CMakeFiles/rlottie.dir/src/lottie/lottieparser.cpp.o
[42/113] Building CXX object CMakeFiles/avemotion_runtime.dir/src/runtime/RecordingBackend.cpp.o
[43/113] Linking CXX static library _deps/rlottie-telegram/librlottie.a
[44/113] Building CXX object CMakeFiles/avemotion_runtime.dir/src/runtime/RlottieSceneBridge.cpp.o
[45/113] Building CXX object CMakeFiles/avemotion_rendering.dir/src/render/RenderPlanner.cpp.o
[46/113] Building CXX object CMakeFiles/avemotion_rendering.dir/src/render/PrimitivePathGenerator.cpp.o
[47/113] Building CXX object CMakeFiles/avemotion_runtime.dir/src/runtime/Runtime.cpp.o
[48/113] Building CXX object CMakeFiles/avemotion_rendering.dir/src/render/RepeaterTransform.cpp.o
[49/113] Building CXX object CMakeFiles/avemotion_rendering.dir/src/render/TrimPathGenerator.cpp.o
[50/113] Building CXX object CMakeFiles/avemotion_rendering.dir/src/render/HeadlessBackend.cpp.o
[51/113] Building CXX object CMakeFiles/avemotion_runtime.dir/src/model/TelegramParsedModelBuilder.cpp.o
[52/113] Linking CXX static library libavemotion_runtime.a
[53/113] Building CXX object CMakeFiles/avemotion_reference.dir/src/reference/UpstreamInfo.cpp.o
[54/113] Building CXX object CMakeFiles/avemotion_rendering.dir/src/render/SourceGeometryProjector.cpp.o
[55/113] Linking CXX static library libavemotion_rendering.a
[56/113] Building CXX object CMakeFiles/avemotion_reference.dir/src/reference/ReferenceRuntime.cpp.o
[57/113] Linking CXX static library libavemotion_reference.a
[58/113] Building CXX object CMakeFiles/avemotion_probe.dir/apps/probe/main.cpp.o
[59/113] Building CXX object CMakeFiles/avemotion_backend_d2d_contract.dir/backends/direct2d/Direct2DBackend.cpp.o
[60/113] Building CXX object CMakeFiles/avemotion_characterize.dir/apps/characterize/main.cpp.o
[61/113] Building CXX object CMakeFiles/avemotion_scene_characterize.dir/apps/scene_characterize/main.cpp.o
[62/113] Building CXX object CMakeFiles/avemotion_plan_characterize.dir/apps/plan_characterize/main.cpp.o
[63/113] Building CXX object CMakeFiles/avemotion_model_characterize.dir/apps/model_characterize/main.cpp.o
[64/113] Building CXX object CMakeFiles/avemotion_core_tests.dir/tests/core_tests.cpp.o
[65/113] Building CXX object CMakeFiles/avemotion_property_characterize.dir/apps/property_characterize/main.cpp.o
[66/113] Building CXX object CMakeFiles/avemotion_source_geometry_characterize.dir/apps/source_geometry_characterize/main.cpp.o
[67/113] Building CXX object CMakeFiles/avemotion_render_plan_tests.dir/tests/render_plan_tests.cpp.o
[68/113] Building CXX object CMakeFiles/avemotion_polystar_geometry_tests.dir/tests/polystar_geometry_tests.cpp.o
[69/113] Building CXX object CMakeFiles/avemotion_repeater_transform_tests.dir/tests/repeater_transform_tests.cpp.o
[70/113] Linking CXX static library libavemotion_backend_d2d_contract.a
[71/113] Building CXX object CMakeFiles/avemotion_trim_path_tests.dir/tests/trim_path_tests.cpp.o
[72/113] Building CXX object CMakeFiles/avemotion_property_evaluator_tests.dir/tests/property_evaluator_tests.cpp.o
[73/113] Building CXX object CMakeFiles/avemotion_direct2d_header_tests.dir/tests/direct2d_header_tests.cpp.o
[74/113] Building CXX object CMakeFiles/avemotion_direct2d_contract_tests.dir/tests/direct2d_contract_tests.cpp.o
[75/113] Building CXX object CMakeFiles/avemotion_runtime_seams_tests.dir/tests/runtime_seams_tests.cpp.o
[76/113] Building CXX object CMakeFiles/avemotion_reference_tests.dir/tests/reference_tests.cpp.o
[77/113] Building CXX object CMakeFiles/avemotion_property_parity_tests.dir/tests/property_parity_tests.cpp.o
[78/113] Building CXX object CMakeFiles/avemotion_parsed_model_tests.dir/tests/parsed_model_tests.cpp.o
[79/113] Building CXX object CMakeFiles/avemotion_playback_tests.dir/tests/playback_tests.cpp.o
[80/113] Building CXX object CMakeFiles/avemotion_asset_model_tests.dir/tests/asset_model_tests.cpp.o
[81/113] Building CXX object CMakeFiles/avemotion_manifest_tests.dir/tests/manifest_tests.cpp.o
[82/113] Building CXX object CMakeFiles/avemotion_source_geometry_projection_tests.dir/tests/source_geometry_projection_tests.cpp.o
[83/113] Building CXX object CMakeFiles/avemotion_model_render_plan_tests.dir/tests/model_render_plan_tests.cpp.o
[84/113] Linking CXX executable avemotion_probe
[85/113] Linking CXX executable avemotion_characterize
[86/113] Linking CXX executable avemotion_scene_characterize
[87/113] Building CXX object CMakeFiles/avemotion_canonical_geometry_tests.dir/tests/canonical_geometry_tests.cpp.o
[88/113] Building CXX object CMakeFiles/avemotion_scene_golden_tests.dir/tests/scene_golden_tests.cpp.o
[89/113] Building CXX object CMakeFiles/avemotion_plan_golden_tests.dir/tests/plan_golden_tests.cpp.o
[90/113] Linking CXX executable avemotion_plan_characterize
[91/113] Linking CXX executable avemotion_model_characterize
[92/113] Linking CXX executable avemotion_property_characterize
[93/113] Linking CXX executable avemotion_core_tests
[94/113] Linking CXX executable avemotion_property_evaluator_tests
[95/113] Linking CXX executable avemotion_render_plan_tests
[96/113] Linking CXX executable avemotion_source_geometry_characterize
[97/113] Linking CXX executable avemotion_polystar_geometry_tests
[98/113] Linking CXX executable avemotion_repeater_transform_tests
[99/113] Linking CXX executable avemotion_trim_path_tests
[100/113] Linking CXX executable avemotion_direct2d_header_tests
[101/113] Linking CXX executable avemotion_direct2d_contract_tests
[102/113] Linking CXX executable avemotion_reference_tests
[103/113] Linking CXX executable avemotion_runtime_seams_tests
[104/113] Linking CXX executable avemotion_property_parity_tests
[105/113] Linking CXX executable avemotion_parsed_model_tests
[106/113] Linking CXX executable avemotion_source_geometry_projection_tests
[107/113] Linking CXX executable avemotion_asset_model_tests
[108/113] Linking CXX executable avemotion_playback_tests
[109/113] Linking CXX executable avemotion_model_render_plan_tests
[110/113] Linking CXX executable avemotion_manifest_tests
[111/113] Linking CXX executable avemotion_canonical_geometry_tests
[112/113] Linking CXX executable avemotion_scene_golden_tests
[113/113] Linking CXX executable avemotion_plan_golden_tests
