[1/100] Building CXX object CMakeFiles/avemotion_core.dir/src/core/Hash.cpp.o
[2/100] Linking CXX static library libavemotion_core.a
[3/100] Building CXX object CMakeFiles/avemotion_model.dir/src/model/AssetModel.cpp.o
[4/100] Building CXX object _deps/rlottie-samsung/CMakeFiles/rlottie.dir/src/vector/freetype/v_ft_math.cpp.o
[5/100] Building CXX object _deps/rlottie-samsung/CMakeFiles/rlottie.dir/src/vector/freetype/v_ft_raster.cpp.o
[6/100] Building CXX object _deps/rlottie-samsung/CMakeFiles/rlottie.dir/src/vector/freetype/v_ft_stroker.cpp.o
[7/100] Building CXX object _deps/rlottie-samsung/CMakeFiles/rlottie.dir/src/vector/vrect.cpp.o
[8/100] Building CXX object _deps/rlottie-samsung/CMakeFiles/rlottie.dir/src/vector/vdasher.cpp.o
[9/100] Building CXX object CMakeFiles/avemotion_evaluation.dir/src/evaluation/PropertyEvaluator.cpp.o
[10/100] Building CXX object CMakeFiles/avemotion_model.dir/src/model/AssetModelBuilder.cpp.o
[11/100] Building CXX object _deps/rlottie-samsung/CMakeFiles/rlottie.dir/src/vector/vbrush.cpp.o
[12/100] Linking CXX static library libavemotion_model.a
[13/100] Building CXX object _deps/rlottie-samsung/CMakeFiles/rlottie.dir/src/vector/vpainter.cpp.o
[14/100] Building CXX object _deps/rlottie-samsung/CMakeFiles/rlottie.dir/src/vector/vbitmap.cpp.o
[15/100] Building CXX object _deps/rlottie-samsung/CMakeFiles/rlottie.dir/src/vector/vdrawhelper_common.cpp.o
[16/100] Building CXX object _deps/rlottie-samsung/CMakeFiles/rlottie.dir/src/vector/vdrawhelper_neon.cpp.o
[17/100] Building CXX object _deps/rlottie-samsung/CMakeFiles/rlottie.dir/src/vector/vdrawhelper_sse2.cpp.o
[18/100] Building CXX object _deps/rlottie-samsung/CMakeFiles/rlottie.dir/src/vector/stb/stb_image.cpp.o
In file included from /mnt/data/work_part18/third_party/rlottie/samsung/source/src/vector/stb/stb_image.cpp:14:
/mnt/data/work_part18/third_party/rlottie/samsung/source/src/vector/stb/stb_image.h: In function 'int stbi__jpeg_info(stbi__context*, int*, int*, int*)':
/mnt/data/work_part18/third_party/rlottie/samsung/source/src/vector/stb/stb_image.h:956:29: warning: value computed is not used [-Wunused-value]
  956 | #define stbi__errpuc(x,y)  ((unsigned char *)(size_t) (stbi__err(x,y)?NULL:NULL))
      |                            ~^~~~~~~~~~~~~~~~~~~~~~~~~~~~~~~~~~~~~~~~~~~~~~~~~~~~~
/mnt/data/work_part18/third_party/rlottie/samsung/source/src/vector/stb/stb_image.h:3811:7: note: in expansion of macro 'stbi__errpuc'
 3811 |       stbi__errpuc("outofmem", "Out of memory");
      |       ^~~~~~~~~~~~
/mnt/data/work_part18/third_party/rlottie/samsung/source/src/vector/stb/stb_image.h: In function 'int stbi__parse_png_file(stbi__png*, int, int)':
/mnt/data/work_part18/third_party/rlottie/samsung/source/src/vector/stb/stb_image.h:4858:56: warning: writing 1 byte into a region of size 0 [-Wstringop-overflow=]
 4858 |                   for (k = 0; k < s->img_n; ++k) tc[k] = (stbi_uc)(stbi__get16be(s) & 255) * stbi__depth_scale_table[z->depth]; // non 8-bit images will be larger
      |                                                  ~~~~~~^~~~~~~~~~~~~~~~~~~~~~~~~~~~~~~~~~~~~~~~~~~~~~~~~~~~~~~~~~~~~~~~~~~~~~~
/mnt/data/work_part18/third_party/rlottie/samsung/source/src/vector/stb/stb_image.h:4777:25: note: at offset 3 into destination object 'tc' of size 3
 4777 |    stbi_uc has_trans=0, tc[3];
      |                         ^~
[19/100] Building CXX object _deps/rlottie-samsung/CMakeFiles/rlottie.dir/src/vector/vdrawhelper.cpp.o
[20/100] Building CXX object _deps/rlottie-samsung/CMakeFiles/rlottie.dir/src/vector/vrle.cpp.o
In file included from /mnt/data/work_part18/third_party/rlottie/samsung/source/src/vector/vrle.h:27,
                 from /mnt/data/work_part18/third_party/rlottie/samsung/source/src/vector/vrle.cpp:24:
In destructor 'vcow_ptr<T>::~vcow_ptr() [with T = VRle::Data]',
    inlined from 'vcow_ptr<T>::~vcow_ptr() [with T = VRle::Data]' at /mnt/data/work_part18/third_party/rlottie/samsung/source/src/vector/vcowptr.h:54:5,
    inlined from 'vcow_ptr<T>& vcow_ptr<T>::operator=(vcow_ptr<T>&&) [with T = VRle::Data]' at /mnt/data/work_part18/third_party/rlottie/samsung/source/src/vector/vcowptr.h:86:5,
    inlined from 'vcow_ptr<T>::element_type& vcow_ptr<T>::write() [with T = VRle::Data]' at /mnt/data/work_part18/third_party/rlottie/samsung/source/src/vector/vcowptr.h:108:30,
    inlined from 'VRle VRle::operator&(const VRle&) const' at /mnt/data/work_part18/third_party/rlottie/samsung/source/src/vector/vrle.cpp:699:19:
/mnt/data/work_part18/third_party/rlottie/samsung/source/src/vector/vcowptr.h:56:46: warning: 'void operator delete(void*, std::size_t)' called on unallocated object 'default_s' [-Wfree-nonheap-object]
   56 |         if (mModel && (--mModel->mRef == 0)) delete mModel;
      |                                              ^~~~~~~~~~~~~
/mnt/data/work_part18/third_party/rlottie/samsung/source/src/vector/vcowptr.h: In member function 'VRle VRle::operator&(const VRle&) const':
/mnt/data/work_part18/third_party/rlottie/samsung/source/src/vector/vcowptr.h:49:22: note: declared here
   49 |         static model default_s;
      |                      ^~~~~~~~~
In destructor 'vcow_ptr<T>::~vcow_ptr() [with T = VRle::Data]',
    inlined from 'vcow_ptr<T>::~vcow_ptr() [with T = VRle::Data]' at /mnt/data/work_part18/third_party/rlottie/samsung/source/src/vector/vcowptr.h:54:5,
    inlined from 'vcow_ptr<T>& vcow_ptr<T>::operator=(vcow_ptr<T>&&) [with T = VRle::Data]' at /mnt/data/work_part18/third_party/rlottie/samsung/source/src/vector/vcowptr.h:86:5,
    inlined from 'vcow_ptr<T>::element_type& vcow_ptr<T>::write() [with T = VRle::Data]' at /mnt/data/work_part18/third_party/rlottie/samsung/source/src/vector/vcowptr.h:108:30,
    inlined from 'VRle operator&(const VRect&, const VRle&)' at /mnt/data/work_part18/third_party/rlottie/samsung/source/src/vector/vrle.cpp:737:19:
/mnt/data/work_part18/third_party/rlottie/samsung/source/src/vector/vcowptr.h:56:46: warning: 'void operator delete(void*, std::size_t)' called on unallocated object 'default_s' [-Wfree-nonheap-object]
   56 |         if (mModel && (--mModel->mRef == 0)) delete mModel;
      |                                              ^~~~~~~~~~~~~
/mnt/data/work_part18/third_party/rlottie/samsung/source/src/vector/vcowptr.h: In function 'VRle operator&(const VRect&, const VRle&)':
/mnt/data/work_part18/third_party/rlottie/samsung/source/src/vector/vcowptr.h:49:22: note: declared here
   49 |         static model default_s;
      |                      ^~~~~~~~~
In destructor 'vcow_ptr<T>::~vcow_ptr() [with T = VRle::Data]',
    inlined from 'vcow_ptr<T>::~vcow_ptr() [with T = VRle::Data]' at /mnt/data/work_part18/third_party/rlottie/samsung/source/src/vector/vcowptr.h:54:5,
    inlined from 'vcow_ptr<T>& vcow_ptr<T>::operator=(vcow_ptr<T>&&) [with T = VRle::Data]' at /mnt/data/work_part18/third_party/rlottie/samsung/source/src/vector/vcowptr.h:86:5,
    inlined from 'vcow_ptr<T>::element_type& vcow_ptr<T>::write() [with T = VRle::Data]' at /mnt/data/work_part18/third_party/rlottie/samsung/source/src/vector/vcowptr.h:108:30,
    inlined from 'VRle VRle::operator-(const VRle&) const' at /mnt/data/work_part18/third_party/rlottie/samsung/source/src/vector/vrle.cpp:686:19:
/mnt/data/work_part18/third_party/rlottie/samsung/source/src/vector/vcowptr.h:56:46: warning: 'void operator delete(void*, std::size_t)' called on unallocated object 'default_s' [-Wfree-nonheap-object]
   56 |         if (mModel && (--mModel->mRef == 0)) delete mModel;
      |                                              ^~~~~~~~~~~~~
/mnt/data/work_part18/third_party/rlottie/samsung/source/src/vector/vcowptr.h: In member function 'VRle VRle::operator-(const VRle&) const':
/mnt/data/work_part18/third_party/rlottie/samsung/source/src/vector/vcowptr.h:49:22: note: declared here
   49 |         static model default_s;
      |                      ^~~~~~~~~
In destructor 'vcow_ptr<T>::~vcow_ptr() [with T = VRle::Data]',
    inlined from 'vcow_ptr<T>::~vcow_ptr() [with T = VRle::Data]' at /mnt/data/work_part18/third_party/rlottie/samsung/source/src/vector/vcowptr.h:54:5,
    inlined from 'vcow_ptr<T>& vcow_ptr<T>::operator=(vcow_ptr<T>&&) [with T = VRle::Data]' at /mnt/data/work_part18/third_party/rlottie/samsung/source/src/vector/vcowptr.h:86:5,
    inlined from 'vcow_ptr<T>::element_type& vcow_ptr<T>::write() [with T = VRle::Data]' at /mnt/data/work_part18/third_party/rlottie/samsung/source/src/vector/vcowptr.h:108:30,
    inlined from 'VRle operator-(const VRect&, const VRle&)' at /mnt/data/work_part18/third_party/rlottie/samsung/source/src/vector/vrle.cpp:724:19:
/mnt/data/work_part18/third_party/rlottie/samsung/source/src/vector/vcowptr.h:56:46: warning: 'void operator delete(void*, std::size_t)' called on unallocated object 'default_s' [-Wfree-nonheap-object]
   56 |         if (mModel && (--mModel->mRef == 0)) delete mModel;
      |                                              ^~~~~~~~~~~~~
/mnt/data/work_part18/third_party/rlottie/samsung/source/src/vector/vcowptr.h: In function 'VRle operator-(const VRect&, const VRle&)':
/mnt/data/work_part18/third_party/rlottie/samsung/source/src/vector/vcowptr.h:49:22: note: declared here
   49 |         static model default_s;
      |                      ^~~~~~~~~
In destructor 'vcow_ptr<T>::~vcow_ptr() [with T = VRle::Data]',
    inlined from 'vcow_ptr<T>::~vcow_ptr() [with T = VRle::Data]' at /mnt/data/work_part18/third_party/rlottie/samsung/source/src/vector/vcowptr.h:54:5,
    inlined from 'vcow_ptr<T>& vcow_ptr<T>::operator=(vcow_ptr<T>&&) [with T = VRle::Data]' at /mnt/data/work_part18/third_party/rlottie/samsung/source/src/vector/vcowptr.h:86:5,
    inlined from 'vcow_ptr<T>::element_type& vcow_ptr<T>::write() [with T = VRle::Data]' at /mnt/data/work_part18/third_party/rlottie/samsung/source/src/vector/vcowptr.h:108:30,
    inlined from 'VRle VRle::opGeneric(const VRle&, Data::Op) const' at /mnt/data/work_part18/third_party/rlottie/samsung/source/src/vector/vrle.cpp:672:19:
/mnt/data/work_part18/third_party/rlottie/samsung/source/src/vector/vcowptr.h:56:46: warning: 'void operator delete(void*, std::size_t)' called on unallocated object 'default_s' [-Wfree-nonheap-object]
   56 |         if (mModel && (--mModel->mRef == 0)) delete mModel;
      |                                              ^~~~~~~~~~~~~
/mnt/data/work_part18/third_party/rlottie/samsung/source/src/vector/vcowptr.h: In member function 'VRle VRle::opGeneric(const VRle&, Data::Op) const':
/mnt/data/work_part18/third_party/rlottie/samsung/source/src/vector/vcowptr.h:49:22: note: declared here
   49 |         static model default_s;
      |                      ^~~~~~~~~
[21/100] Building CXX object _deps/rlottie-samsung/CMakeFiles/rlottie.dir/src/vector/vpathmesure.cpp.o
[22/100] Building CXX object _deps/rlottie-samsung/CMakeFiles/rlottie.dir/src/vector/vdebug.cpp.o
[23/100] Building CXX object _deps/rlottie-samsung/CMakeFiles/rlottie.dir/src/vector/vpath.cpp.o
[24/100] Building CXX object _deps/rlottie-samsung/CMakeFiles/rlottie.dir/src/vector/velapsedtimer.cpp.o
[25/100] Building CXX object _deps/rlottie-samsung/CMakeFiles/rlottie.dir/src/vector/vmatrix.cpp.o
[26/100] Building CXX object _deps/rlottie-samsung/CMakeFiles/rlottie.dir/src/vector/vinterpolator.cpp.o
[27/100] Building CXX object _deps/rlottie-samsung/CMakeFiles/rlottie.dir/src/vector/vbezier.cpp.o
[28/100] Building CXX object _deps/rlottie-samsung/CMakeFiles/rlottie.dir/src/vector/varenaalloc.cpp.o
[29/100] Building CXX object _deps/rlottie-samsung/CMakeFiles/rlottie.dir/src/vector/vimageloader.cpp.o
[30/100] Building CXX object _deps/rlottie-samsung/CMakeFiles/rlottie.dir/src/vector/vdrawable.cpp.o
[31/100] Building CXX object _deps/rlottie-samsung/CMakeFiles/rlottie.dir/src/vector/vraster.cpp.o
[32/100] Building CXX object _deps/rlottie-samsung/CMakeFiles/rlottie.dir/src/lottie/lottieitem_capi.cpp.o
[33/100] Building CXX object _deps/rlottie-samsung/CMakeFiles/rlottie.dir/src/lottie/lottieloader.cpp.o
[34/100] Building CXX object _deps/rlottie-samsung/CMakeFiles/rlottie.dir/src/lottie/lottieproxymodel.cpp.o
[35/100] Building CXX object _deps/rlottie-samsung/CMakeFiles/rlottie.dir/src/lottie/zip/zip.cpp.o
[36/100] Building CXX object _deps/rlottie-samsung/CMakeFiles/rlottie.dir/src/lottie/lottieitem.cpp.o
[37/100] Building CXX object _deps/rlottie-samsung/CMakeFiles/rlottie.dir/src/lottie/lottiemodel.cpp.o
[38/100] Building CXX object _deps/rlottie-samsung/CMakeFiles/rlottie.dir/src/lottie/lottiekeypath.cpp.o
[39/100] Linking CXX static library libavemotion_evaluation.a
[40/100] Building CXX object _deps/rlottie-samsung/CMakeFiles/rlottie.dir/src/binding/c/lottieanimation_capi.cpp.o
[41/100] Building CXX object CMakeFiles/avemotion_runtime.dir/src/runtime/Playback.cpp.o
[42/100] Building CXX object _deps/rlottie-samsung/CMakeFiles/rlottie.dir/src/lottie/lottieanimation.cpp.o
[43/100] Building CXX object CMakeFiles/avemotion_runtime.dir/src/runtime/RecordingBackend.cpp.o
[44/100] Building CXX object _deps/rlottie-samsung/CMakeFiles/rlottie.dir/src/lottie/lottieparser.cpp.o
[45/100] Linking CXX static library _deps/rlottie-samsung/librlottie.a
[46/100] Building CXX object CMakeFiles/avemotion_rendering.dir/src/render/RenderPlanner.cpp.o
[47/100] Building CXX object CMakeFiles/avemotion_runtime.dir/src/runtime/RlottieSceneBridge.cpp.o
[48/100] Building CXX object CMakeFiles/avemotion_runtime.dir/src/runtime/Runtime.cpp.o
[49/100] Building CXX object CMakeFiles/avemotion_rendering.dir/src/render/PrimitivePathGenerator.cpp.o
[50/100] Linking CXX static library libavemotion_runtime.a
[51/100] Building CXX object CMakeFiles/avemotion_rendering.dir/src/render/RepeaterTransform.cpp.o
[52/100] Building CXX object CMakeFiles/avemotion_rendering.dir/src/render/HeadlessBackend.cpp.o
[53/100] Building CXX object CMakeFiles/avemotion_reference.dir/src/reference/ReferenceRuntime.cpp.o
[54/100] Building CXX object CMakeFiles/avemotion_reference.dir/src/reference/UpstreamInfo.cpp.o
[55/100] Linking CXX static library libavemotion_reference.a
[56/100] Building CXX object CMakeFiles/avemotion_probe.dir/apps/probe/main.cpp.o
[57/100] Building CXX object CMakeFiles/avemotion_rendering.dir/src/render/TrimPathGenerator.cpp.o
[58/100] Building CXX object CMakeFiles/avemotion_backend_d2d_contract.dir/backends/direct2d/Direct2DBackend.cpp.o
[59/100] Building CXX object CMakeFiles/avemotion_rendering.dir/src/render/SourceGeometryProjector.cpp.o
[60/100] Linking CXX static library libavemotion_rendering.a
[61/100] Building CXX object CMakeFiles/avemotion_characterize.dir/apps/characterize/main.cpp.o
[62/100] Building CXX object CMakeFiles/avemotion_core_tests.dir/tests/core_tests.cpp.o
[63/100] Building CXX object CMakeFiles/avemotion_scene_characterize.dir/apps/scene_characterize/main.cpp.o
[64/100] Building CXX object CMakeFiles/avemotion_plan_characterize.dir/apps/plan_characterize/main.cpp.o
[65/100] Building CXX object CMakeFiles/avemotion_polystar_geometry_tests.dir/tests/polystar_geometry_tests.cpp.o
[66/100] Building CXX object CMakeFiles/avemotion_render_plan_tests.dir/tests/render_plan_tests.cpp.o
[67/100] Building CXX object CMakeFiles/avemotion_repeater_transform_tests.dir/tests/repeater_transform_tests.cpp.o
[68/100] Linking CXX static library libavemotion_backend_d2d_contract.a
[69/100] Building CXX object CMakeFiles/avemotion_direct2d_header_tests.dir/tests/direct2d_header_tests.cpp.o
[70/100] Building CXX object CMakeFiles/avemotion_trim_path_tests.dir/tests/trim_path_tests.cpp.o
[71/100] Building CXX object CMakeFiles/avemotion_direct2d_contract_tests.dir/tests/direct2d_contract_tests.cpp.o
[72/100] Building CXX object CMakeFiles/avemotion_property_evaluator_tests.dir/tests/property_evaluator_tests.cpp.o
[73/100] Building CXX object CMakeFiles/avemotion_runtime_seams_tests.dir/tests/runtime_seams_tests.cpp.o
[74/100] Building CXX object CMakeFiles/avemotion_playback_tests.dir/tests/playback_tests.cpp.o
[75/100] Building CXX object CMakeFiles/avemotion_reference_tests.dir/tests/reference_tests.cpp.o
[76/100] Building CXX object CMakeFiles/avemotion_manifest_tests.dir/tests/manifest_tests.cpp.o
[77/100] Building CXX object CMakeFiles/avemotion_asset_model_tests.dir/tests/asset_model_tests.cpp.o
[78/100] Linking CXX executable avemotion_probe
[79/100] Linking CXX executable avemotion_characterize
[80/100] Linking CXX executable avemotion_scene_characterize
[81/100] Linking CXX executable avemotion_plan_characterize
[82/100] Linking CXX executable avemotion_core_tests
[83/100] Linking CXX executable avemotion_property_evaluator_tests
[84/100] Linking CXX executable avemotion_render_plan_tests
[85/100] Linking CXX executable avemotion_polystar_geometry_tests
[86/100] Linking CXX executable avemotion_repeater_transform_tests
[87/100] Linking CXX executable avemotion_trim_path_tests
[88/100] Linking CXX executable avemotion_direct2d_header_tests
[89/100] Linking CXX executable avemotion_direct2d_contract_tests
[90/100] Linking CXX executable avemotion_reference_tests
[91/100] Linking CXX executable avemotion_runtime_seams_tests
[92/100] Linking CXX executable avemotion_asset_model_tests
[93/100] Linking CXX executable avemotion_playback_tests
[94/100] Linking CXX executable avemotion_manifest_tests
[95/100] Building CXX object CMakeFiles/avemotion_canonical_geometry_tests.dir/tests/canonical_geometry_tests.cpp.o
[96/100] Building CXX object CMakeFiles/avemotion_scene_golden_tests.dir/tests/scene_golden_tests.cpp.o
[97/100] Linking CXX executable avemotion_canonical_geometry_tests
[98/100] Linking CXX executable avemotion_scene_golden_tests
[99/100] Building CXX object CMakeFiles/avemotion_plan_golden_tests.dir/tests/plan_golden_tests.cpp.o
[100/100] Linking CXX executable avemotion_plan_golden_tests
