[1/41] Building CXX object CMakeFiles/avemotion_core.dir/src/core/Hash.cpp.o
[2/41] Linking CXX static library libavemotion_core.a
[3/41] Building CXX object CMakeFiles/avemotion_model.dir/src/model/AssetModel.cpp.o
[4/41] Building CXX object CMakeFiles/avemotion_runtime.dir/src/runtime/Playback.cpp.o
[5/41] Building CXX object CMakeFiles/avemotion_evaluation.dir/src/evaluation/PropertyEvaluator.cpp.o
[6/41] Building CXX object CMakeFiles/avemotion_runtime.dir/src/runtime/RecordingBackend.cpp.o
[7/41] Building CXX object CMakeFiles/avemotion_reference.dir/src/reference/UpstreamInfo.cpp.o
[8/41] Building CXX object CMakeFiles/avemotion_model.dir/src/model/AssetModelBuilder.cpp.o
[9/41] Linking CXX static library libavemotion_model.a
[10/41] Linking CXX static library libavemotion_evaluation.a
[11/41] Building CXX object CMakeFiles/avemotion_reference.dir/src/reference/ReferenceRuntime.cpp.o
[12/41] Building CXX object CMakeFiles/avemotion_runtime.dir/src/runtime/Runtime.cpp.o
[13/41] Linking CXX static library libavemotion_runtime.a
[14/41] Building CXX object CMakeFiles/avemotion_rendering.dir/src/render/PrimitivePathGenerator.cpp.o
[15/41] Building CXX object CMakeFiles/avemotion_rendering.dir/src/render/RepeaterTransform.cpp.o
[16/41] Building CXX object CMakeFiles/avemotion_rendering.dir/src/render/RenderPlanner.cpp.o
[17/41] Linking CXX static library libavemotion_reference.a
[18/41] Building CXX object CMakeFiles/avemotion_rendering.dir/src/render/HeadlessBackend.cpp.o
[19/41] Building CXX object CMakeFiles/avemotion_rendering.dir/src/render/TrimPathGenerator.cpp.o
[20/41] Building CXX object CMakeFiles/avemotion_core_tests.dir/tests/core_tests.cpp.o
[21/41] Building CXX object CMakeFiles/avemotion_probe.dir/apps/probe/main.cpp.o
[22/41] Building CXX object CMakeFiles/avemotion_polystar_geometry_tests.dir/tests/polystar_geometry_tests.cpp.o
[23/41] Building CXX object CMakeFiles/avemotion_render_plan_tests.dir/tests/render_plan_tests.cpp.o
[24/41] Building CXX object CMakeFiles/avemotion_rendering.dir/src/render/SourceGeometryProjector.cpp.o
[25/41] Linking CXX static library libavemotion_rendering.a
[26/41] Building CXX object CMakeFiles/avemotion_repeater_transform_tests.dir/tests/repeater_transform_tests.cpp.o
[27/41] Building CXX object CMakeFiles/avemotion_direct2d_header_tests.dir/tests/direct2d_header_tests.cpp.o
[28/41] Building CXX object CMakeFiles/avemotion_trim_path_tests.dir/tests/trim_path_tests.cpp.o
[29/41] Linking CXX executable avemotion_probe
[30/41] Building CXX object CMakeFiles/avemotion_property_evaluator_tests.dir/tests/property_evaluator_tests.cpp.o
[31/41] Linking CXX executable avemotion_core_tests
[32/41] Building CXX object CMakeFiles/avemotion_offline_tests.dir/tests/offline_tests.cpp.o
[33/41] Linking CXX executable avemotion_property_evaluator_tests
[34/41] Linking CXX executable avemotion_render_plan_tests
[35/41] Linking CXX executable avemotion_polystar_geometry_tests
[36/41] Linking CXX executable avemotion_repeater_transform_tests
[37/41] Linking CXX executable avemotion_trim_path_tests
[38/41] Linking CXX executable avemotion_direct2d_header_tests
[39/41] Linking CXX executable avemotion_offline_tests
[40/41] Building CXX object CMakeFiles/avemotion_runtime_offline_tests.dir/tests/runtime_offline_tests.cpp.o
[41/41] Linking CXX executable avemotion_runtime_offline_tests
