[1/96] Building CXX object CMakeFiles/avemotion_core.dir/src/core/Hash.cpp.o
[2/96] Linking CXX static library libavemotion_core.a
[3/96] Building CXX object _deps/rlottie-samsung/CMakeFiles/rlottie.dir/src/vector/freetype/v_ft_math.cpp.o
[4/96] Building CXX object _deps/rlottie-samsung/CMakeFiles/rlottie.dir/src/vector/freetype/v_ft_raster.cpp.o
[5/96] Building CXX object CMakeFiles/avemotion_model.dir/src/model/AssetModel.cpp.o
[6/96] Building CXX object _deps/rlottie-samsung/CMakeFiles/rlottie.dir/src/vector/freetype/v_ft_stroker.cpp.o
[7/96] Building CXX object _deps/rlottie-samsung/CMakeFiles/rlottie.dir/src/vector/stb/stb_image.cpp.o
[8/96] Building CXX object _deps/rlottie-samsung/CMakeFiles/rlottie.dir/src/vector/vrect.cpp.o
[9/96] Building CXX object _deps/rlottie-samsung/CMakeFiles/rlottie.dir/src/vector/vdasher.cpp.o
[10/96] Building CXX object CMakeFiles/avemotion_evaluation.dir/src/evaluation/PropertyEvaluator.cpp.o
[11/96] Building CXX object _deps/rlottie-samsung/CMakeFiles/rlottie.dir/src/vector/vbrush.cpp.o
[12/96] Building CXX object CMakeFiles/avemotion_model.dir/src/model/AssetModelBuilder.cpp.o
[13/96] Linking CXX static library libavemotion_model.a
[14/96] Building CXX object _deps/rlottie-samsung/CMakeFiles/rlottie.dir/src/vector/vbitmap.cpp.o
[15/96] Building CXX object _deps/rlottie-samsung/CMakeFiles/rlottie.dir/src/vector/vpainter.cpp.o
[16/96] Building CXX object _deps/rlottie-samsung/CMakeFiles/rlottie.dir/src/vector/vdrawhelper_common.cpp.o
[17/96] Building CXX object _deps/rlottie-samsung/CMakeFiles/rlottie.dir/src/vector/vdrawhelper_neon.cpp.o
[18/96] Building CXX object _deps/rlottie-samsung/CMakeFiles/rlottie.dir/src/vector/vdrawhelper_sse2.cpp.o
[19/96] Building CXX object _deps/rlottie-samsung/CMakeFiles/rlottie.dir/src/vector/vdrawhelper.cpp.o
[20/96] Building CXX object _deps/rlottie-samsung/CMakeFiles/rlottie.dir/src/vector/vpath.cpp.o
[21/96] Building CXX object _deps/rlottie-samsung/CMakeFiles/rlottie.dir/src/vector/vrle.cpp.o
[22/96] Building CXX object _deps/rlottie-samsung/CMakeFiles/rlottie.dir/src/vector/vdebug.cpp.o
[23/96] Building CXX object _deps/rlottie-samsung/CMakeFiles/rlottie.dir/src/vector/vinterpolator.cpp.o
[24/96] Building CXX object _deps/rlottie-samsung/CMakeFiles/rlottie.dir/src/vector/velapsedtimer.cpp.o
[25/96] Building CXX object _deps/rlottie-samsung/CMakeFiles/rlottie.dir/src/vector/vpathmesure.cpp.o
[26/96] Building CXX object _deps/rlottie-samsung/CMakeFiles/rlottie.dir/src/vector/vmatrix.cpp.o
[27/96] Building CXX object _deps/rlottie-samsung/CMakeFiles/rlottie.dir/src/vector/vbezier.cpp.o
[28/96] Building CXX object _deps/rlottie-samsung/CMakeFiles/rlottie.dir/src/vector/vimageloader.cpp.o
[29/96] Building CXX object _deps/rlottie-samsung/CMakeFiles/rlottie.dir/src/vector/varenaalloc.cpp.o
[30/96] Building CXX object _deps/rlottie-samsung/CMakeFiles/rlottie.dir/src/vector/vdrawable.cpp.o
[31/96] Building CXX object _deps/rlottie-samsung/CMakeFiles/rlottie.dir/src/lottie/zip/zip.cpp.o
/mnt/data/avemotion-part17-work/third_party/rlottie/samsung/source/src/lottie/zip/zip.cpp:155:20: warning: unused function 'zip_archive_finalize' [-Wunused-function]
  155 | static inline void zip_archive_finalize(mz_zip_archive *pzip) {
      |                    ^~~~~~~~~~~~~~~~~~~~
1 warning generated.
[32/96] Building CXX object _deps/rlottie-samsung/CMakeFiles/rlottie.dir/src/vector/vraster.cpp.o
[33/96] Building CXX object _deps/rlottie-samsung/CMakeFiles/rlottie.dir/src/lottie/lottieloader.cpp.o
[34/96] Building CXX object _deps/rlottie-samsung/CMakeFiles/rlottie.dir/src/lottie/lottieproxymodel.cpp.o
[35/96] Building CXX object _deps/rlottie-samsung/CMakeFiles/rlottie.dir/src/lottie/lottiemodel.cpp.o
[36/96] Building CXX object _deps/rlottie-samsung/CMakeFiles/rlottie.dir/src/lottie/lottieitem_capi.cpp.o
[37/96] Building CXX object _deps/rlottie-samsung/CMakeFiles/rlottie.dir/src/lottie/lottieitem.cpp.o
[38/96] Building CXX object _deps/rlottie-samsung/CMakeFiles/rlottie.dir/src/lottie/lottiekeypath.cpp.o
[39/96] Linking CXX static library libavemotion_evaluation.a
[40/96] Building CXX object _deps/rlottie-samsung/CMakeFiles/rlottie.dir/src/binding/c/lottieanimation_capi.cpp.o
[41/96] Building CXX object CMakeFiles/avemotion_runtime.dir/src/runtime/Playback.cpp.o
[42/96] Building CXX object _deps/rlottie-samsung/CMakeFiles/rlottie.dir/src/lottie/lottieanimation.cpp.o
[43/96] Building CXX object _deps/rlottie-samsung/CMakeFiles/rlottie.dir/src/lottie/lottieparser.cpp.o
[44/96] Linking CXX static library _deps/rlottie-samsung/librlottie.a
[45/96] Building CXX object CMakeFiles/avemotion_runtime.dir/src/runtime/RecordingBackend.cpp.o
[46/96] Building CXX object CMakeFiles/avemotion_reference.dir/src/reference/UpstreamInfo.cpp.o
[47/96] Building CXX object CMakeFiles/avemotion_runtime.dir/src/runtime/RlottieSceneBridge.cpp.o
[48/96] Building CXX object CMakeFiles/avemotion_reference.dir/src/reference/ReferenceRuntime.cpp.o
[49/96] Building CXX object CMakeFiles/avemotion_runtime.dir/src/runtime/Runtime.cpp.o
[50/96] Linking CXX static library libavemotion_runtime.a
[51/96] Building CXX object CMakeFiles/avemotion_rendering.dir/src/render/RenderPlanner.cpp.o
[52/96] Building CXX object CMakeFiles/avemotion_rendering.dir/src/render/PrimitivePathGenerator.cpp.o
[53/96] Building CXX object CMakeFiles/avemotion_rendering.dir/src/render/RepeaterTransform.cpp.o
[54/96] Linking CXX static library libavemotion_reference.a
[55/96] Building CXX object CMakeFiles/avemotion_rendering.dir/src/render/TrimPathGenerator.cpp.o
[56/96] Building CXX object CMakeFiles/avemotion_probe.dir/apps/probe/main.cpp.o
[57/96] Building CXX object CMakeFiles/avemotion_rendering.dir/src/render/HeadlessBackend.cpp.o
[58/96] Building CXX object CMakeFiles/avemotion_characterize.dir/apps/characterize/main.cpp.o
[59/96] Building CXX object CMakeFiles/avemotion_rendering.dir/src/render/SourceGeometryProjector.cpp.o
[60/96] Linking CXX static library libavemotion_rendering.a
[61/96] Building CXX object CMakeFiles/avemotion_scene_characterize.dir/apps/scene_characterize/main.cpp.o
[62/96] Building CXX object CMakeFiles/avemotion_plan_characterize.dir/apps/plan_characterize/main.cpp.o
[63/96] Building CXX object CMakeFiles/avemotion_core_tests.dir/tests/core_tests.cpp.o
[64/96] Building CXX object CMakeFiles/avemotion_polystar_geometry_tests.dir/tests/polystar_geometry_tests.cpp.o
[65/96] Building CXX object CMakeFiles/avemotion_render_plan_tests.dir/tests/render_plan_tests.cpp.o
[66/96] Building CXX object CMakeFiles/avemotion_repeater_transform_tests.dir/tests/repeater_transform_tests.cpp.o
[67/96] Building CXX object CMakeFiles/avemotion_direct2d_header_tests.dir/tests/direct2d_header_tests.cpp.o
[68/96] Building CXX object CMakeFiles/avemotion_property_evaluator_tests.dir/tests/property_evaluator_tests.cpp.o
[69/96] Building CXX object CMakeFiles/avemotion_trim_path_tests.dir/tests/trim_path_tests.cpp.o
[70/96] Building CXX object CMakeFiles/avemotion_reference_tests.dir/tests/reference_tests.cpp.o
[71/96] Building CXX object CMakeFiles/avemotion_runtime_seams_tests.dir/tests/runtime_seams_tests.cpp.o
[72/96] Building CXX object CMakeFiles/avemotion_playback_tests.dir/tests/playback_tests.cpp.o
[73/96] Building CXX object CMakeFiles/avemotion_asset_model_tests.dir/tests/asset_model_tests.cpp.o
[74/96] Building CXX object CMakeFiles/avemotion_manifest_tests.dir/tests/manifest_tests.cpp.o
[75/96] Linking CXX executable avemotion_probe
[76/96] Linking CXX executable avemotion_characterize
[77/96] Linking CXX executable avemotion_scene_characterize
[78/96] Linking CXX executable avemotion_plan_characterize
[79/96] Linking CXX executable avemotion_core_tests
[80/96] Building CXX object CMakeFiles/avemotion_canonical_geometry_tests.dir/tests/canonical_geometry_tests.cpp.o
[81/96] Linking CXX executable avemotion_property_evaluator_tests
[82/96] Linking CXX executable avemotion_polystar_geometry_tests
[83/96] Linking CXX executable avemotion_render_plan_tests
[84/96] Building CXX object CMakeFiles/avemotion_scene_golden_tests.dir/tests/scene_golden_tests.cpp.o
[85/96] Linking CXX executable avemotion_repeater_transform_tests
[86/96] Linking CXX executable avemotion_trim_path_tests
[87/96] Linking CXX executable avemotion_direct2d_header_tests
[88/96] Linking CXX executable avemotion_reference_tests
[89/96] Linking CXX executable avemotion_runtime_seams_tests
[90/96] Linking CXX executable avemotion_asset_model_tests
[91/96] Building CXX object CMakeFiles/avemotion_plan_golden_tests.dir/tests/plan_golden_tests.cpp.o
[92/96] Linking CXX executable avemotion_manifest_tests
[93/96] Linking CXX executable avemotion_playback_tests
[94/96] Linking CXX executable avemotion_canonical_geometry_tests
[95/96] Linking CXX executable avemotion_scene_golden_tests
[96/96] Linking CXX executable avemotion_plan_golden_tests
