[1/47] Building CXX object CMakeFiles/avemotion_core.dir/src/core/Hash.cpp.o
[2/47] Linking CXX static library libavemotion_core.a
[3/47] Building CXX object CMakeFiles/avemotion_model.dir/src/model/AssetModel.cpp.o
[4/47] Building CXX object CMakeFiles/avemotion_model.dir/src/model/AssetModelBuilder.cpp.o
[5/47] Linking CXX static library libavemotion_model.a
[6/47] Building CXX object CMakeFiles/avemotion_evaluation.dir/src/evaluation/PropertyEvaluator.cpp.o
[7/47] Linking CXX static library libavemotion_evaluation.a
[8/47] Building CXX object CMakeFiles/avemotion_runtime.dir/src/runtime/Playback.cpp.o
[9/47] Building CXX object CMakeFiles/avemotion_runtime.dir/src/runtime/RecordingBackend.cpp.o
[10/47] Building CXX object CMakeFiles/avemotion_runtime.dir/src/runtime/Runtime.cpp.o
[11/47] Linking CXX static library libavemotion_runtime.a
[12/47] Building CXX object CMakeFiles/avemotion_rendering.dir/src/render/RenderPlanner.cpp.o
[13/47] Building CXX object CMakeFiles/avemotion_rendering.dir/src/render/PrimitivePathGenerator.cpp.o
[14/47] Building CXX object CMakeFiles/avemotion_rendering.dir/src/render/RepeaterTransform.cpp.o
[15/47] Building CXX object CMakeFiles/avemotion_rendering.dir/src/render/TrimPathGenerator.cpp.o
[16/47] Building CXX object CMakeFiles/avemotion_rendering.dir/src/render/HeadlessBackend.cpp.o
[17/47] Building CXX object CMakeFiles/avemotion_rendering.dir/src/render/SourceGeometryProjector.cpp.o
[18/47] Building CXX object CMakeFiles/avemotion_reference.dir/src/reference/UpstreamInfo.cpp.o
[19/47] Linking CXX static library libavemotion_rendering.a
[20/47] Building CXX object CMakeFiles/avemotion_reference.dir/src/reference/ReferenceRuntime.cpp.o
[21/47] Linking CXX static library libavemotion_reference.a
[22/47] Building CXX object CMakeFiles/avemotion_probe.dir/apps/probe/main.cpp.o
[23/47] Building CXX object CMakeFiles/avemotion_backend_d2d_contract.dir/backends/direct2d/Direct2DBackend.cpp.o
[24/47] Building CXX object CMakeFiles/avemotion_core_tests.dir/tests/core_tests.cpp.o
[25/47] Building CXX object CMakeFiles/avemotion_render_plan_tests.dir/tests/render_plan_tests.cpp.o
[26/47] Building CXX object CMakeFiles/avemotion_property_evaluator_tests.dir/tests/property_evaluator_tests.cpp.o
[27/47] Building CXX object CMakeFiles/avemotion_polystar_geometry_tests.dir/tests/polystar_geometry_tests.cpp.o
[28/47] Building CXX object CMakeFiles/avemotion_repeater_transform_tests.dir/tests/repeater_transform_tests.cpp.o
[29/47] Building CXX object CMakeFiles/avemotion_trim_path_tests.dir/tests/trim_path_tests.cpp.o
[30/47] Building CXX object CMakeFiles/avemotion_direct2d_capture_metrics_tests.dir/tests/direct2d_capture_metrics_tests.cpp.o
[31/47] Linking CXX static library libavemotion_backend_d2d_contract.a
[32/47] Building CXX object CMakeFiles/avemotion_direct2d_header_tests.dir/tests/direct2d_header_tests.cpp.o
[33/47] Building CXX object CMakeFiles/avemotion_offline_tests.dir/tests/offline_tests.cpp.o
[34/47] Building CXX object CMakeFiles/avemotion_direct2d_contract_tests.dir/tests/direct2d_contract_tests.cpp.o
[35/47] Linking CXX executable avemotion_probe
[36/47] Linking CXX executable avemotion_core_tests
[37/47] Building CXX object CMakeFiles/avemotion_runtime_offline_tests.dir/tests/runtime_offline_tests.cpp.o
[38/47] Linking CXX executable avemotion_property_evaluator_tests
[39/47] Linking CXX executable avemotion_polystar_geometry_tests
[40/47] Linking CXX executable avemotion_render_plan_tests
[41/47] Linking CXX executable avemotion_repeater_transform_tests
[42/47] Linking CXX executable avemotion_trim_path_tests
[43/47] Linking CXX executable avemotion_direct2d_capture_metrics_tests
[44/47] Linking CXX executable avemotion_direct2d_header_tests
[45/47] Linking CXX executable avemotion_offline_tests
[46/47] Linking CXX executable avemotion_direct2d_contract_tests
[47/47] Linking CXX executable avemotion_runtime_offline_tests
