=== build linux-clang-telegram-asan ===
[1/95] Building CXX object CMakeFiles/avemotion_core.dir/src/core/Hash.cpp.o
[2/95] Linking CXX static library libavemotion_core.a
[3/95] Building CXX object CMakeFiles/avemotion_model.dir/src/model/AssetModel.cpp.o
[4/95] Building CXX object CMakeFiles/avemotion_evaluation.dir/src/evaluation/PropertyEvaluator.cpp.o
[5/95] Building CXX object _deps/rlottie-telegram/CMakeFiles/rlottie.dir/src/vector/freetype/v_ft_math.cpp.o
[6/95] Building CXX object _deps/rlottie-telegram/CMakeFiles/rlottie.dir/src/vector/freetype/v_ft_raster.cpp.o
[7/95] Building CXX object _deps/rlottie-telegram/CMakeFiles/rlottie.dir/src/vector/freetype/v_ft_stroker.cpp.o
[8/95] Building CXX object CMakeFiles/avemotion_model.dir/src/model/AssetModelBuilder.cpp.o
[9/95] Linking CXX static library libavemotion_model.a
[10/95] Building CXX object _deps/rlottie-telegram/CMakeFiles/rlottie.dir/src/vector/stb/stb_image.cpp.o
[11/95] Building CXX object _deps/rlottie-telegram/CMakeFiles/rlottie.dir/src/vector/pixman/vregion.cpp.o
[12/95] Building CXX object _deps/rlottie-telegram/CMakeFiles/rlottie.dir/src/vector/vrect.cpp.o
[13/95] Building CXX object _deps/rlottie-telegram/CMakeFiles/rlottie.dir/src/vector/vdasher.cpp.o
[14/95] Building CXX object _deps/rlottie-telegram/CMakeFiles/rlottie.dir/src/vector/vbrush.cpp.o
[15/95] Building CXX object _deps/rlottie-telegram/CMakeFiles/rlottie.dir/src/vector/vbitmap.cpp.o
[16/95] Building CXX object _deps/rlottie-telegram/CMakeFiles/rlottie.dir/src/vector/vpainter.cpp.o
[17/95] Building CXX object _deps/rlottie-telegram/CMakeFiles/rlottie.dir/src/vector/vcompositionfunctions.cpp.o
[18/95] Building CXX object _deps/rlottie-telegram/CMakeFiles/rlottie.dir/src/vector/vdrawhelper_sse2.cpp.o
[19/95] Building CXX object _deps/rlottie-telegram/CMakeFiles/rlottie.dir/src/vector/vdrawhelper_neon.cpp.o
[20/95] Building CXX object _deps/rlottie-telegram/CMakeFiles/rlottie.dir/src/vector/vdrawhelper.cpp.o
[21/95] Building CXX object _deps/rlottie-telegram/CMakeFiles/rlottie.dir/src/vector/vrle.cpp.o
[22/95] Building CXX object _deps/rlottie-telegram/CMakeFiles/rlottie.dir/src/vector/vpath.cpp.o
[23/95] Building CXX object _deps/rlottie-telegram/CMakeFiles/rlottie.dir/src/vector/vpathmesure.cpp.o
[24/95] Building CXX object _deps/rlottie-telegram/CMakeFiles/rlottie.dir/src/vector/vmatrix.cpp.o
[25/95] Building CXX object _deps/rlottie-telegram/CMakeFiles/rlottie.dir/src/vector/vdebug.cpp.o
[26/95] Building CXX object _deps/rlottie-telegram/CMakeFiles/rlottie.dir/src/vector/velapsedtimer.cpp.o
[27/95] Building CXX object _deps/rlottie-telegram/CMakeFiles/rlottie.dir/src/vector/vinterpolator.cpp.o
[28/95] Building CXX object _deps/rlottie-telegram/CMakeFiles/rlottie.dir/src/vector/vbezier.cpp.o
[29/95] Building CXX object _deps/rlottie-telegram/CMakeFiles/rlottie.dir/src/vector/vraster.cpp.o
[30/95] Building CXX object _deps/rlottie-telegram/CMakeFiles/rlottie.dir/src/vector/vdrawable.cpp.o
[31/95] Building CXX object _deps/rlottie-telegram/CMakeFiles/rlottie.dir/src/vector/vimageloader.cpp.o
[32/95] Building CXX object _deps/rlottie-telegram/CMakeFiles/rlottie.dir/src/lottie/lottieloader.cpp.o
[33/95] Building CXX object _deps/rlottie-telegram/CMakeFiles/rlottie.dir/src/lottie/lottiemodel.cpp.o
/mnt/data/work/avemotion-part9/third_party/rlottie/telegram/source/src/lottie/lottiemodel.cpp:191:40: warning: comparison of integers of different signs: 'int' and 'size_type' (aka 'unsigned long') [-Wsign-compare]
  191 |     if (colorPoints < 0 || colorPoints > size / 4) {  // for legacy bodymovin (ref: lottie-android)
      |                            ~~~~~~~~~~~ ^ ~~~~~~~~
/mnt/data/work/avemotion-part9/third_party/rlottie/telegram/source/src/lottie/lottiemodel.cpp:195:53: warning: comparison of integers of different signs: 'int' and 'size_type' (aka 'unsigned long') [-Wsign-compare]
  195 |     if ((opacityArraySize % 2 != 0) || (colorPoints > opacityArraySize / 2 && opacityArraySize < 4)) {
      |                                         ~~~~~~~~~~~ ^ ~~~~~~~~~~~~~~~~~~~~
2 warnings generated.
[34/95] Building CXX object _deps/rlottie-telegram/CMakeFiles/rlottie.dir/src/lottie/lottieproxymodel.cpp.o
[35/95] Building CXX object _deps/rlottie-telegram/CMakeFiles/rlottie.dir/src/lottie/lottieitem.cpp.o
[36/95] Building CXX object _deps/rlottie-telegram/CMakeFiles/rlottie.dir/src/lottie/lottieanimation.cpp.o
[37/95] Building CXX object _deps/rlottie-telegram/CMakeFiles/rlottie.dir/src/lottie/lottiekeypath.cpp.o
[38/95] Building CXX object _deps/rlottie-telegram/CMakeFiles/rlottie.dir/src/lottie/lottieparser.cpp.o
[39/95] Building CXX object _deps/rlottie-telegram/CMakeFiles/rlottie.dir/src/binding/c/lottieanimation_capi.cpp.o
[40/95] Linking CXX static library libavemotion_evaluation.a
[41/95] Building CXX object CMakeFiles/avemotion_runtime.dir/src/runtime/Playback.cpp.o
[42/95] Building CXX object CMakeFiles/avemotion_runtime.dir/src/runtime/RecordingBackend.cpp.o
[43/95] Building CXX object CMakeFiles/avemotion_runtime.dir/src/runtime/RlottieSceneBridge.cpp.o
[44/95] Building CXX object CMakeFiles/avemotion_runtime.dir/src/runtime/Runtime.cpp.o
[45/95] Linking CXX static library _deps/rlottie-telegram/librlottie.a
[46/95] Building CXX object CMakeFiles/avemotion_reference.dir/src/reference/ReferenceRuntime.cpp.o
[47/95] Building CXX object CMakeFiles/avemotion_reference.dir/src/reference/UpstreamInfo.cpp.o
[48/95] Building CXX object CMakeFiles/avemotion_rendering.dir/src/render/RenderPlanner.cpp.o
[49/95] Building CXX object CMakeFiles/avemotion_runtime.dir/src/model/TelegramParsedModelBuilder.cpp.o
[50/95] Linking CXX static library libavemotion_runtime.a
[51/95] Linking CXX static library libavemotion_reference.a
[52/95] Building CXX object CMakeFiles/avemotion_rendering.dir/src/render/HeadlessBackend.cpp.o
[53/95] Linking CXX static library libavemotion_rendering.a
[54/95] Building CXX object CMakeFiles/avemotion_probe.dir/apps/probe/main.cpp.o
[55/95] Building CXX object CMakeFiles/avemotion_characterize.dir/apps/characterize/main.cpp.o
[56/95] Building CXX object CMakeFiles/avemotion_scene_characterize.dir/apps/scene_characterize/main.cpp.o
[57/95] Building CXX object CMakeFiles/avemotion_plan_characterize.dir/apps/plan_characterize/main.cpp.o
[58/95] Building CXX object CMakeFiles/avemotion_model_characterize.dir/apps/model_characterize/main.cpp.o
[59/95] Building CXX object CMakeFiles/avemotion_core_tests.dir/tests/core_tests.cpp.o
[60/95] Building CXX object CMakeFiles/avemotion_property_characterize.dir/apps/property_characterize/main.cpp.o
[61/95] Building CXX object CMakeFiles/avemotion_render_plan_tests.dir/tests/render_plan_tests.cpp.o
[62/95] Building CXX object CMakeFiles/avemotion_property_evaluator_tests.dir/tests/property_evaluator_tests.cpp.o
[63/95] Building CXX object CMakeFiles/avemotion_direct2d_header_tests.dir/tests/direct2d_header_tests.cpp.o
[64/95] Building CXX object CMakeFiles/avemotion_runtime_seams_tests.dir/tests/runtime_seams_tests.cpp.o
[65/95] Building CXX object CMakeFiles/avemotion_reference_tests.dir/tests/reference_tests.cpp.o
[66/95] Building CXX object CMakeFiles/avemotion_property_parity_tests.dir/tests/property_parity_tests.cpp.o
[67/95] Building CXX object CMakeFiles/avemotion_parsed_model_tests.dir/tests/parsed_model_tests.cpp.o
[68/95] Building CXX object CMakeFiles/avemotion_playback_tests.dir/tests/playback_tests.cpp.o
[69/95] Building CXX object CMakeFiles/avemotion_asset_model_tests.dir/tests/asset_model_tests.cpp.o
[70/95] Building CXX object CMakeFiles/avemotion_model_render_plan_tests.dir/tests/model_render_plan_tests.cpp.o
[71/95] Building CXX object CMakeFiles/avemotion_manifest_tests.dir/tests/manifest_tests.cpp.o
[72/95] Building CXX object CMakeFiles/avemotion_canonical_geometry_tests.dir/tests/canonical_geometry_tests.cpp.o
[73/95] Building CXX object CMakeFiles/avemotion_scene_golden_tests.dir/tests/scene_golden_tests.cpp.o
[74/95] Linking CXX executable avemotion_probe
[75/95] Building CXX object CMakeFiles/avemotion_plan_golden_tests.dir/tests/plan_golden_tests.cpp.o
[76/95] Linking CXX executable avemotion_characterize
[77/95] Linking CXX executable avemotion_scene_characterize
[78/95] Linking CXX executable avemotion_plan_characterize
[79/95] Linking CXX executable avemotion_model_characterize
[80/95] Linking CXX executable avemotion_property_characterize
[81/95] Linking CXX executable avemotion_core_tests
[82/95] Linking CXX executable avemotion_property_evaluator_tests
[83/95] Linking CXX executable avemotion_render_plan_tests
[84/95] Linking CXX executable avemotion_direct2d_header_tests
[85/95] Linking CXX executable avemotion_reference_tests
[86/95] Linking CXX executable avemotion_runtime_seams_tests
[87/95] Linking CXX executable avemotion_property_parity_tests
[88/95] Linking CXX executable avemotion_parsed_model_tests
[89/95] Linking CXX executable avemotion_asset_model_tests
[90/95] Linking CXX executable avemotion_playback_tests
[91/95] Linking CXX executable avemotion_model_render_plan_tests
[92/95] Linking CXX executable avemotion_canonical_geometry_tests
[93/95] Linking CXX executable avemotion_manifest_tests
[94/95] Linking CXX executable avemotion_plan_golden_tests
[95/95] Linking CXX executable avemotion_scene_golden_tests
