Preset CMake variables:

  AVEMOTION_BUILD_CHARACTERIZER="ON"
  AVEMOTION_BUILD_PLAN_CHARACTERIZER="ON"
  AVEMOTION_BUILD_PROBE="ON"
  AVEMOTION_BUILD_PROPERTY_CHARACTERIZER="ON"
  AVEMOTION_BUILD_SCENE_CHARACTERIZER="ON"
  AVEMOTION_ENABLE_INSTALL="OFF"
  AVEMOTION_RLOTTIE_VARIANT="samsung"
  BUILD_TESTING="ON"
  CMAKE_BUILD_TYPE="Release"
  CMAKE_CXX_COMPILER="g++"
  CMAKE_C_COMPILER="gcc"
  CMAKE_EXPORT_COMPILE_COMMANDS="ON"

-- The C compiler identification is GNU 14.2.0
-- The CXX compiler identification is GNU 14.2.0
-- The ASM compiler identification is GNU
-- Found assembler: /usr/bin/gcc
-- Detecting C compiler ABI info
-- Detecting C compiler ABI info - done
-- Check for working C compiler: /usr/bin/gcc - skipped
-- Detecting C compile features
-- Detecting C compile features - done
-- Detecting CXX compiler ABI info
-- Detecting CXX compiler ABI info - done
-- Check for working CXX compiler: /usr/bin/g++ - skipped
-- Detecting CXX compile features
-- Detecting CXX compile features - done
CMake Deprecation Warning at third_party/rlottie/samsung/source/CMakeLists.txt:1 (cmake_minimum_required):
  Compatibility with CMake < 3.10 will be removed from a future version of
  CMake.

  Update the VERSION argument <min> value.  Or, use the <min>...<max> syntax
  to tell CMake that the project requires at least <min> but has been updated
  to work with policies introduced by <max> or earlier.


-- Performing Test CMAKE_HAVE_LIBC_PTHREAD
-- Performing Test CMAKE_HAVE_LIBC_PTHREAD - Success
-- Found Threads: TRUE
-- AveMotion reference variant: samsung (2cab35db755b0e39df40b679969495e90d39c578)
-- Found Python3: /opt/pyvenv/bin/python3 (found version "3.13.5") found components: Interpreter
-- Configuring done (3.4s)
-- Generating done (0.0s)
-- Build files have been written to: /mnt/data/work_part16/repo/out/build/linux-gcc-samsung-release
[1/96] Building CXX object CMakeFiles/avemotion_core.dir/src/core/Hash.cpp.o
[2/96] Linking CXX static library libavemotion_core.a
[3/96] Building CXX object CMakeFiles/avemotion_model.dir/src/model/AssetModel.cpp.o
[4/96] Building CXX object CMakeFiles/avemotion_evaluation.dir/src/evaluation/PropertyEvaluator.cpp.o
[5/96] Building CXX object CMakeFiles/avemotion_model.dir/src/model/AssetModelBuilder.cpp.o
[6/96] Linking CXX static library libavemotion_model.a
[7/96] Building CXX object _deps/rlottie-samsung/CMakeFiles/rlottie.dir/src/vector/freetype/v_ft_math.cpp.o
[8/96] Building CXX object _deps/rlottie-samsung/CMakeFiles/rlottie.dir/src/vector/freetype/v_ft_raster.cpp.o
[9/96] Building CXX object _deps/rlottie-samsung/CMakeFiles/rlottie.dir/src/vector/freetype/v_ft_stroker.cpp.o
[10/96] Building CXX object _deps/rlottie-samsung/CMakeFiles/rlottie.dir/src/vector/vrect.cpp.o
[11/96] Building CXX object _deps/rlottie-samsung/CMakeFiles/rlottie.dir/src/vector/vdasher.cpp.o
[12/96] Building CXX object _deps/rlottie-samsung/CMakeFiles/rlottie.dir/src/vector/vbrush.cpp.o
[13/96] Building CXX object _deps/rlottie-samsung/CMakeFiles/rlottie.dir/src/vector/vbitmap.cpp.o
[14/96] Building CXX object _deps/rlottie-samsung/CMakeFiles/rlottie.dir/src/vector/vpainter.cpp.o
[15/96] Building CXX object _deps/rlottie-samsung/CMakeFiles/rlottie.dir/src/vector/stb/stb_image.cpp.o
In file included from /mnt/data/work_part16/repo/third_party/rlottie/samsung/source/src/vector/stb/stb_image.cpp:14:
/mnt/data/work_part16/repo/third_party/rlottie/samsung/source/src/vector/stb/stb_image.h: In function 'int stbi__jpeg_info(stbi__context*, int*, int*, int*)':
/mnt/data/work_part16/repo/third_party/rlottie/samsung/source/src/vector/stb/stb_image.h:956:29: warning: value computed is not used [-Wunused-value]
  956 | #define stbi__errpuc(x,y)  ((unsigned char *)(size_t) (stbi__err(x,y)?NULL:NULL))
      |                            ~^~~~~~~~~~~~~~~~~~~~~~~~~~~~~~~~~~~~~~~~~~~~~~~~~~~~~
/mnt/data/work_part16/repo/third_party/rlottie/samsung/source/src/vector/stb/stb_image.h:3811:7: note: in expansion of macro 'stbi__errpuc'
 3811 |       stbi__errpuc("outofmem", "Out of memory");
      |       ^~~~~~~~~~~~
/mnt/data/work_part16/repo/third_party/rlottie/samsung/source/src/vector/stb/stb_image.h: In function 'int stbi__parse_png_file(stbi__png*, int, int)':
/mnt/data/work_part16/repo/third_party/rlottie/samsung/source/src/vector/stb/stb_image.h:4858:56: warning: writing 1 byte into a region of size 0 [-Wstringop-overflow=]
 4858 |                   for (k = 0; k < s->img_n; ++k) tc[k] = (stbi_uc)(stbi__get16be(s) & 255) * stbi__depth_scale_table[z->depth]; // non 8-bit images will be larger
      |                                                  ~~~~~~^~~~~~~~~~~~~~~~~~~~~~~~~~~~~~~~~~~~~~~~~~~~~~~~~~~~~~~~~~~~~~~~~~~~~~~
/mnt/data/work_part16/repo/third_party/rlottie/samsung/source/src/vector/stb/stb_image.h:4777:25: note: at offset 3 into destination object 'tc' of size 3
 4777 |    stbi_uc has_trans=0, tc[3];
      |                         ^~
[16/96] Building CXX object _deps/rlottie-samsung/CMakeFiles/rlottie.dir/src/vector/vdrawhelper_common.cpp.o
[17/96] Building CXX object _deps/rlottie-samsung/CMakeFiles/rlottie.dir/src/vector/vdrawhelper_sse2.cpp.o
[18/96] Building CXX object _deps/rlottie-samsung/CMakeFiles/rlottie.dir/src/vector/vdrawhelper_neon.cpp.o
[19/96] Building CXX object _deps/rlottie-samsung/CMakeFiles/rlottie.dir/src/vector/vdrawhelper.cpp.o
[20/96] Building CXX object _deps/rlottie-samsung/CMakeFiles/rlottie.dir/src/vector/vpath.cpp.o
[21/96] Building CXX object _deps/rlottie-samsung/CMakeFiles/rlottie.dir/src/vector/vrle.cpp.o
In file included from /mnt/data/work_part16/repo/third_party/rlottie/samsung/source/src/vector/vrle.h:27,
                 from /mnt/data/work_part16/repo/third_party/rlottie/samsung/source/src/vector/vrle.cpp:24:
In destructor 'vcow_ptr<T>::~vcow_ptr() [with T = VRle::Data]',
    inlined from 'vcow_ptr<T>::~vcow_ptr() [with T = VRle::Data]' at /mnt/data/work_part16/repo/third_party/rlottie/samsung/source/src/vector/vcowptr.h:54:5,
    inlined from 'vcow_ptr<T>& vcow_ptr<T>::operator=(vcow_ptr<T>&&) [with T = VRle::Data]' at /mnt/data/work_part16/repo/third_party/rlottie/samsung/source/src/vector/vcowptr.h:86:5,
    inlined from 'vcow_ptr<T>::element_type& vcow_ptr<T>::write() [with T = VRle::Data]' at /mnt/data/work_part16/repo/third_party/rlottie/samsung/source/src/vector/vcowptr.h:108:30,
    inlined from 'VRle VRle::operator&(const VRle&) const' at /mnt/data/work_part16/repo/third_party/rlottie/samsung/source/src/vector/vrle.cpp:699:19:
/mnt/data/work_part16/repo/third_party/rlottie/samsung/source/src/vector/vcowptr.h:56:46: warning: 'void operator delete(void*, std::size_t)' called on unallocated object 'default_s' [-Wfree-nonheap-object]
   56 |         if (mModel && (--mModel->mRef == 0)) delete mModel;
      |                                              ^~~~~~~~~~~~~
/mnt/data/work_part16/repo/third_party/rlottie/samsung/source/src/vector/vcowptr.h: In member function 'VRle VRle::operator&(const VRle&) const':
/mnt/data/work_part16/repo/third_party/rlottie/samsung/source/src/vector/vcowptr.h:49:22: note: declared here
   49 |         static model default_s;
      |                      ^~~~~~~~~
In destructor 'vcow_ptr<T>::~vcow_ptr() [with T = VRle::Data]',
    inlined from 'vcow_ptr<T>::~vcow_ptr() [with T = VRle::Data]' at /mnt/data/work_part16/repo/third_party/rlottie/samsung/source/src/vector/vcowptr.h:54:5,
    inlined from 'vcow_ptr<T>& vcow_ptr<T>::operator=(vcow_ptr<T>&&) [with T = VRle::Data]' at /mnt/data/work_part16/repo/third_party/rlottie/samsung/source/src/vector/vcowptr.h:86:5,
    inlined from 'vcow_ptr<T>::element_type& vcow_ptr<T>::write() [with T = VRle::Data]' at /mnt/data/work_part16/repo/third_party/rlottie/samsung/source/src/vector/vcowptr.h:108:30,
    inlined from 'VRle operator&(const VRect&, const VRle&)' at /mnt/data/work_part16/repo/third_party/rlottie/samsung/source/src/vector/vrle.cpp:737:19:
/mnt/data/work_part16/repo/third_party/rlottie/samsung/source/src/vector/vcowptr.h:56:46: warning: 'void operator delete(void*, std::size_t)' called on unallocated object 'default_s' [-Wfree-nonheap-object]
   56 |         if (mModel && (--mModel->mRef == 0)) delete mModel;
      |                                              ^~~~~~~~~~~~~
/mnt/data/work_part16/repo/third_party/rlottie/samsung/source/src/vector/vcowptr.h: In function 'VRle operator&(const VRect&, const VRle&)':
/mnt/data/work_part16/repo/third_party/rlottie/samsung/source/src/vector/vcowptr.h:49:22: note: declared here
   49 |         static model default_s;
      |                      ^~~~~~~~~
In destructor 'vcow_ptr<T>::~vcow_ptr() [with T = VRle::Data]',
    inlined from 'vcow_ptr<T>::~vcow_ptr() [with T = VRle::Data]' at /mnt/data/work_part16/repo/third_party/rlottie/samsung/source/src/vector/vcowptr.h:54:5,
    inlined from 'vcow_ptr<T>& vcow_ptr<T>::operator=(vcow_ptr<T>&&) [with T = VRle::Data]' at /mnt/data/work_part16/repo/third_party/rlottie/samsung/source/src/vector/vcowptr.h:86:5,
    inlined from 'vcow_ptr<T>::element_type& vcow_ptr<T>::write() [with T = VRle::Data]' at /mnt/data/work_part16/repo/third_party/rlottie/samsung/source/src/vector/vcowptr.h:108:30,
    inlined from 'VRle VRle::operator-(const VRle&) const' at /mnt/data/work_part16/repo/third_party/rlottie/samsung/source/src/vector/vrle.cpp:686:19:
/mnt/data/work_part16/repo/third_party/rlottie/samsung/source/src/vector/vcowptr.h:56:46: warning: 'void operator delete(void*, std::size_t)' called on unallocated object 'default_s' [-Wfree-nonheap-object]
   56 |         if (mModel && (--mModel->mRef == 0)) delete mModel;
      |                                              ^~~~~~~~~~~~~
/mnt/data/work_part16/repo/third_party/rlottie/samsung/source/src/vector/vcowptr.h: In member function 'VRle VRle::operator-(const VRle&) const':
/mnt/data/work_part16/repo/third_party/rlottie/samsung/source/src/vector/vcowptr.h:49:22: note: declared here
   49 |         static model default_s;
      |                      ^~~~~~~~~
In destructor 'vcow_ptr<T>::~vcow_ptr() [with T = VRle::Data]',
    inlined from 'vcow_ptr<T>::~vcow_ptr() [with T = VRle::Data]' at /mnt/data/work_part16/repo/third_party/rlottie/samsung/source/src/vector/vcowptr.h:54:5,
    inlined from 'vcow_ptr<T>& vcow_ptr<T>::operator=(vcow_ptr<T>&&) [with T = VRle::Data]' at /mnt/data/work_part16/repo/third_party/rlottie/samsung/source/src/vector/vcowptr.h:86:5,
    inlined from 'vcow_ptr<T>::element_type& vcow_ptr<T>::write() [with T = VRle::Data]' at /mnt/data/work_part16/repo/third_party/rlottie/samsung/source/src/vector/vcowptr.h:108:30,
    inlined from 'VRle operator-(const VRect&, const VRle&)' at /mnt/data/work_part16/repo/third_party/rlottie/samsung/source/src/vector/vrle.cpp:724:19:
/mnt/data/work_part16/repo/third_party/rlottie/samsung/source/src/vector/vcowptr.h:56:46: warning: 'void operator delete(void*, std::size_t)' called on unallocated object 'default_s' [-Wfree-nonheap-object]
   56 |         if (mModel && (--mModel->mRef == 0)) delete mModel;
      |                                              ^~~~~~~~~~~~~
/mnt/data/work_part16/repo/third_party/rlottie/samsung/source/src/vector/vcowptr.h: In function 'VRle operator-(const VRect&, const VRle&)':
/mnt/data/work_part16/repo/third_party/rlottie/samsung/source/src/vector/vcowptr.h:49:22: note: declared here
   49 |         static model default_s;
      |                      ^~~~~~~~~
In destructor 'vcow_ptr<T>::~vcow_ptr() [with T = VRle::Data]',
    inlined from 'vcow_ptr<T>::~vcow_ptr() [with T = VRle::Data]' at /mnt/data/work_part16/repo/third_party/rlottie/samsung/source/src/vector/vcowptr.h:54:5,
    inlined from 'vcow_ptr<T>& vcow_ptr<T>::operator=(vcow_ptr<T>&&) [with T = VRle::Data]' at /mnt/data/work_part16/repo/third_party/rlottie/samsung/source/src/vector/vcowptr.h:86:5,
    inlined from 'vcow_ptr<T>::element_type& vcow_ptr<T>::write() [with T = VRle::Data]' at /mnt/data/work_part16/repo/third_party/rlottie/samsung/source/src/vector/vcowptr.h:108:30,
    inlined from 'VRle VRle::opGeneric(const VRle&, Data::Op) const' at /mnt/data/work_part16/repo/third_party/rlottie/samsung/source/src/vector/vrle.cpp:672:19:
/mnt/data/work_part16/repo/third_party/rlottie/samsung/source/src/vector/vcowptr.h:56:46: warning: 'void operator delete(void*, std::size_t)' called on unallocated object 'default_s' [-Wfree-nonheap-object]
   56 |         if (mModel && (--mModel->mRef == 0)) delete mModel;
      |                                              ^~~~~~~~~~~~~
/mnt/data/work_part16/repo/third_party/rlottie/samsung/source/src/vector/vcowptr.h: In member function 'VRle VRle::opGeneric(const VRle&, Data::Op) const':
/mnt/data/work_part16/repo/third_party/rlottie/samsung/source/src/vector/vcowptr.h:49:22: note: declared here
   49 |         static model default_s;
      |                      ^~~~~~~~~
[22/96] Building CXX object _deps/rlottie-samsung/CMakeFiles/rlottie.dir/src/vector/vpathmesure.cpp.o
[23/96] Building CXX object _deps/rlottie-samsung/CMakeFiles/rlottie.dir/src/vector/vmatrix.cpp.o
[24/96] Building CXX object _deps/rlottie-samsung/CMakeFiles/rlottie.dir/src/vector/vdebug.cpp.o
[25/96] Building CXX object _deps/rlottie-samsung/CMakeFiles/rlottie.dir/src/vector/velapsedtimer.cpp.o
[26/96] Building CXX object _deps/rlottie-samsung/CMakeFiles/rlottie.dir/src/vector/vinterpolator.cpp.o
[27/96] Building CXX object _deps/rlottie-samsung/CMakeFiles/rlottie.dir/src/vector/vbezier.cpp.o
[28/96] Building CXX object _deps/rlottie-samsung/CMakeFiles/rlottie.dir/src/vector/vdrawable.cpp.o
[29/96] Building CXX object _deps/rlottie-samsung/CMakeFiles/rlottie.dir/src/vector/vraster.cpp.o
[30/96] Building CXX object _deps/rlottie-samsung/CMakeFiles/rlottie.dir/src/vector/varenaalloc.cpp.o
[31/96] Building CXX object _deps/rlottie-samsung/CMakeFiles/rlottie.dir/src/vector/vimageloader.cpp.o
[32/96] Building CXX object _deps/rlottie-samsung/CMakeFiles/rlottie.dir/src/lottie/zip/zip.cpp.o
[33/96] Building CXX object _deps/rlottie-samsung/CMakeFiles/rlottie.dir/src/lottie/lottieitem.cpp.o
[34/96] Building CXX object _deps/rlottie-samsung/CMakeFiles/rlottie.dir/src/lottie/lottieitem_capi.cpp.o
[35/96] Building CXX object _deps/rlottie-samsung/CMakeFiles/rlottie.dir/src/lottie/lottieloader.cpp.o
[36/96] Building CXX object _deps/rlottie-samsung/CMakeFiles/rlottie.dir/src/lottie/lottieproxymodel.cpp.o
[37/96] Building CXX object _deps/rlottie-samsung/CMakeFiles/rlottie.dir/src/lottie/lottiemodel.cpp.o
[38/96] Building CXX object _deps/rlottie-samsung/CMakeFiles/rlottie.dir/src/lottie/lottieanimation.cpp.o
[39/96] Building CXX object _deps/rlottie-samsung/CMakeFiles/rlottie.dir/src/lottie/lottiekeypath.cpp.o
[40/96] Building CXX object _deps/rlottie-samsung/CMakeFiles/rlottie.dir/src/binding/c/lottieanimation_capi.cpp.o
[41/96] Linking CXX static library libavemotion_evaluation.a
[42/96] Building CXX object _deps/rlottie-samsung/CMakeFiles/rlottie.dir/src/lottie/lottieparser.cpp.o
[43/96] Building CXX object CMakeFiles/avemotion_runtime.dir/src/runtime/Playback.cpp.o
[44/96] Building CXX object CMakeFiles/avemotion_runtime.dir/src/runtime/RecordingBackend.cpp.o
[45/96] Building CXX object CMakeFiles/avemotion_runtime.dir/src/runtime/RlottieSceneBridge.cpp.o
[46/96] Linking CXX static library _deps/rlottie-samsung/librlottie.a
[47/96] Building CXX object CMakeFiles/avemotion_runtime.dir/src/runtime/Runtime.cpp.o
[48/96] Building CXX object CMakeFiles/avemotion_reference.dir/src/reference/UpstreamInfo.cpp.o
[49/96] Linking CXX static library libavemotion_runtime.a
[50/96] Building CXX object CMakeFiles/avemotion_reference.dir/src/reference/ReferenceRuntime.cpp.o
[51/96] Building CXX object CMakeFiles/avemotion_rendering.dir/src/render/PrimitivePathGenerator.cpp.o
[52/96] Building CXX object CMakeFiles/avemotion_rendering.dir/src/render/RenderPlanner.cpp.o
[53/96] Building CXX object CMakeFiles/avemotion_rendering.dir/src/render/RepeaterTransform.cpp.o
[54/96] Building CXX object CMakeFiles/avemotion_rendering.dir/src/render/TrimPathGenerator.cpp.o
[55/96] Building CXX object CMakeFiles/avemotion_rendering.dir/src/render/SourceGeometryProjector.cpp.o
[56/96] Linking CXX static library libavemotion_reference.a
[57/96] Building CXX object CMakeFiles/avemotion_rendering.dir/src/render/HeadlessBackend.cpp.o
[58/96] Linking CXX static library libavemotion_rendering.a
[59/96] Building CXX object CMakeFiles/avemotion_probe.dir/apps/probe/main.cpp.o
[60/96] Building CXX object CMakeFiles/avemotion_characterize.dir/apps/characterize/main.cpp.o
[61/96] Building CXX object CMakeFiles/avemotion_scene_characterize.dir/apps/scene_characterize/main.cpp.o
[62/96] Building CXX object CMakeFiles/avemotion_core_tests.dir/tests/core_tests.cpp.o
[63/96] Building CXX object CMakeFiles/avemotion_plan_characterize.dir/apps/plan_characterize/main.cpp.o
[64/96] Building CXX object CMakeFiles/avemotion_render_plan_tests.dir/tests/render_plan_tests.cpp.o
[65/96] Building CXX object CMakeFiles/avemotion_property_evaluator_tests.dir/tests/property_evaluator_tests.cpp.o
[66/96] Building CXX object CMakeFiles/avemotion_polystar_geometry_tests.dir/tests/polystar_geometry_tests.cpp.o
[67/96] Building CXX object CMakeFiles/avemotion_trim_path_tests.dir/tests/trim_path_tests.cpp.o
[68/96] Building CXX object CMakeFiles/avemotion_repeater_transform_tests.dir/tests/repeater_transform_tests.cpp.o
[69/96] Building CXX object CMakeFiles/avemotion_direct2d_header_tests.dir/tests/direct2d_header_tests.cpp.o
[70/96] Building CXX object CMakeFiles/avemotion_reference_tests.dir/tests/reference_tests.cpp.o
[71/96] Building CXX object CMakeFiles/avemotion_runtime_seams_tests.dir/tests/runtime_seams_tests.cpp.o
[72/96] Building CXX object CMakeFiles/avemotion_playback_tests.dir/tests/playback_tests.cpp.o
[73/96] Building CXX object CMakeFiles/avemotion_asset_model_tests.dir/tests/asset_model_tests.cpp.o
[74/96] Building CXX object CMakeFiles/avemotion_manifest_tests.dir/tests/manifest_tests.cpp.o
[75/96] Building CXX object CMakeFiles/avemotion_canonical_geometry_tests.dir/tests/canonical_geometry_tests.cpp.o
[76/96] Building CXX object CMakeFiles/avemotion_scene_golden_tests.dir/tests/scene_golden_tests.cpp.o
[77/96] Linking CXX executable avemotion_probe
[78/96] Linking CXX executable avemotion_characterize
[79/96] Linking CXX executable avemotion_scene_characterize
[80/96] Linking CXX executable avemotion_plan_characterize
[81/96] Linking CXX executable avemotion_core_tests
[82/96] Linking CXX executable avemotion_property_evaluator_tests
[83/96] Linking CXX executable avemotion_render_plan_tests
[84/96] Linking CXX executable avemotion_polystar_geometry_tests
[85/96] Linking CXX executable avemotion_repeater_transform_tests
[86/96] Linking CXX executable avemotion_trim_path_tests
[87/96] Linking CXX executable avemotion_direct2d_header_tests
[88/96] Linking CXX executable avemotion_reference_tests
[89/96] Linking CXX executable avemotion_runtime_seams_tests
[90/96] Linking CXX executable avemotion_asset_model_tests
[91/96] Linking CXX executable avemotion_playback_tests
[92/96] Linking CXX executable avemotion_canonical_geometry_tests
[93/96] Linking CXX executable avemotion_manifest_tests
[94/96] Linking CXX executable avemotion_scene_golden_tests
[95/96] Building CXX object CMakeFiles/avemotion_plan_golden_tests.dir/tests/plan_golden_tests.cpp.o
[96/96] Linking CXX executable avemotion_plan_golden_tests
[1/11] Building CXX object CMakeFiles/avemotion_rendering.dir/src/render/RepeaterTransform.cpp.o
[2/11] Building CXX object CMakeFiles/avemotion_rendering.dir/src/render/SourceGeometryProjector.cpp.o
[3/11] Linking CXX static library libavemotion_rendering.a
[4/11] Linking CXX executable avemotion_render_plan_tests
[5/11] Linking CXX executable avemotion_plan_characterize
[6/11] Linking CXX executable avemotion_polystar_geometry_tests
[7/11] Linking CXX executable avemotion_repeater_transform_tests
[8/11] Linking CXX executable avemotion_direct2d_header_tests
[9/11] Linking CXX executable avemotion_trim_path_tests
[10/11] Linking CXX executable avemotion_canonical_geometry_tests
[11/11] Linking CXX executable avemotion_plan_golden_tests
