-- The C compiler identification is Clang 17.0.0
-- The CXX compiler identification is Clang 17.0.0
-- The ASM compiler identification is Clang with GNU-like command-line
-- Found assembler: /usr/local/swift/usr/bin/clang
-- Detecting C compiler ABI info
-- Detecting C compiler ABI info - done
-- Check for working C compiler: /usr/local/swift/usr/bin/clang - skipped
-- Detecting C compile features
-- Detecting C compile features - done
-- Detecting CXX compiler ABI info
-- Detecting CXX compiler ABI info - done
-- Check for working CXX compiler: /usr/local/swift/usr/bin/clang++ - skipped
-- Detecting CXX compile features
-- Detecting CXX compile features - done
-- Found Python3: /opt/pyvenv/bin/python3 (found version "3.13.5") found components: Interpreter
-- Configuring done (3.8s)
-- Generating done (0.0s)
-- Build files have been written to: /mnt/data/work_part16/repo/out/build/linux-clang-offline-asan-ubsan
[1/41] Building CXX object CMakeFiles/avemotion_core.dir/src/core/Hash.cpp.o
[2/41] Linking CXX static library libavemotion_core.a
[3/41] Building CXX object CMakeFiles/avemotion_model.dir/src/model/AssetModel.cpp.o
[4/41] Building CXX object CMakeFiles/avemotion_evaluation.dir/src/evaluation/PropertyEvaluator.cpp.o
[5/41] Building CXX object CMakeFiles/avemotion_model.dir/src/model/AssetModelBuilder.cpp.o
[6/41] Linking CXX static library libavemotion_model.a
[7/41] Linking CXX static library libavemotion_evaluation.a
[8/41] Building CXX object CMakeFiles/avemotion_runtime.dir/src/runtime/Playback.cpp.o
[9/41] Building CXX object CMakeFiles/avemotion_runtime.dir/src/runtime/RecordingBackend.cpp.o
[10/41] Building CXX object CMakeFiles/avemotion_runtime.dir/src/runtime/Runtime.cpp.o
[11/41] Building CXX object CMakeFiles/avemotion_reference.dir/src/reference/ReferenceRuntime.cpp.o
[12/41] Linking CXX static library libavemotion_runtime.a
[13/41] Building CXX object CMakeFiles/avemotion_reference.dir/src/reference/UpstreamInfo.cpp.o
[14/41] Building CXX object CMakeFiles/avemotion_rendering.dir/src/render/PrimitivePathGenerator.cpp.o
[15/41] Building CXX object CMakeFiles/avemotion_rendering.dir/src/render/RenderPlanner.cpp.o
[16/41] Building CXX object CMakeFiles/avemotion_rendering.dir/src/render/RepeaterTransform.cpp.o
[17/41] Building CXX object CMakeFiles/avemotion_rendering.dir/src/render/TrimPathGenerator.cpp.o
[18/41] Building CXX object CMakeFiles/avemotion_rendering.dir/src/render/HeadlessBackend.cpp.o
[19/41] Linking CXX static library libavemotion_reference.a
[20/41] Building CXX object CMakeFiles/avemotion_rendering.dir/src/render/SourceGeometryProjector.cpp.o
[21/41] Linking CXX static library libavemotion_rendering.a
[22/41] Building CXX object CMakeFiles/avemotion_probe.dir/apps/probe/main.cpp.o
[23/41] Building CXX object CMakeFiles/avemotion_core_tests.dir/tests/core_tests.cpp.o
[24/41] Building CXX object CMakeFiles/avemotion_render_plan_tests.dir/tests/render_plan_tests.cpp.o
[25/41] Building CXX object CMakeFiles/avemotion_polystar_geometry_tests.dir/tests/polystar_geometry_tests.cpp.o
[26/41] Building CXX object CMakeFiles/avemotion_property_evaluator_tests.dir/tests/property_evaluator_tests.cpp.o
[27/41] Building CXX object CMakeFiles/avemotion_repeater_transform_tests.dir/tests/repeater_transform_tests.cpp.o
[28/41] Building CXX object CMakeFiles/avemotion_trim_path_tests.dir/tests/trim_path_tests.cpp.o
[29/41] Building CXX object CMakeFiles/avemotion_direct2d_header_tests.dir/tests/direct2d_header_tests.cpp.o
[30/41] Building CXX object CMakeFiles/avemotion_offline_tests.dir/tests/offline_tests.cpp.o
[31/41] Linking CXX executable avemotion_probe
[32/41] Linking CXX executable avemotion_core_tests
[33/41] Linking CXX executable avemotion_property_evaluator_tests
[34/41] Building CXX object CMakeFiles/avemotion_runtime_offline_tests.dir/tests/runtime_offline_tests.cpp.o
[35/41] Linking CXX executable avemotion_polystar_geometry_tests
[36/41] Linking CXX executable avemotion_render_plan_tests
[37/41] Linking CXX executable avemotion_repeater_transform_tests
[38/41] Linking CXX executable avemotion_trim_path_tests
[39/41] Linking CXX executable avemotion_direct2d_header_tests
[40/41] Linking CXX executable avemotion_offline_tests
[41/41] Linking CXX executable avemotion_runtime_offline_tests
[1/8] Building CXX object CMakeFiles/avemotion_rendering.dir/src/render/RepeaterTransform.cpp.o
[2/8] Building CXX object CMakeFiles/avemotion_rendering.dir/src/render/SourceGeometryProjector.cpp.o
[3/8] Linking CXX static library libavemotion_rendering.a
[4/8] Linking CXX executable avemotion_polystar_geometry_tests
[5/8] Linking CXX executable avemotion_render_plan_tests
[6/8] Linking CXX executable avemotion_repeater_transform_tests
[7/8] Linking CXX executable avemotion_trim_path_tests
[8/8] Linking CXX executable avemotion_direct2d_header_tests
