[1/56] Building CXX object CMakeFiles/avemotion_probe.dir/apps/probe/main.cpp.o
[2/56] Building CXX object CMakeFiles/avemotion_backend_d2d_contract.dir/backends/direct2d/Direct2DBackend.cpp.o
[3/56] Building CXX object CMakeFiles/avemotion_characterize.dir/apps/characterize/main.cpp.o
[4/56] Building CXX object CMakeFiles/avemotion_scene_characterize.dir/apps/scene_characterize/main.cpp.o
[5/56] Building CXX object CMakeFiles/avemotion_plan_characterize.dir/apps/plan_characterize/main.cpp.o
[6/56] Building CXX object CMakeFiles/avemotion_model_characterize.dir/apps/model_characterize/main.cpp.o
[7/56] Building CXX object CMakeFiles/avemotion_property_characterize.dir/apps/property_characterize/main.cpp.o
[8/56] Building CXX object CMakeFiles/avemotion_core_tests.dir/tests/core_tests.cpp.o
[9/56] Building CXX object CMakeFiles/avemotion_source_geometry_characterize.dir/apps/source_geometry_characterize/main.cpp.o
[10/56] Building CXX object CMakeFiles/avemotion_render_plan_tests.dir/tests/render_plan_tests.cpp.o
[11/56] Building CXX object CMakeFiles/avemotion_polystar_geometry_tests.dir/tests/polystar_geometry_tests.cpp.o
[12/56] Building CXX object CMakeFiles/avemotion_property_evaluator_tests.dir/tests/property_evaluator_tests.cpp.o
[13/56] Building CXX object CMakeFiles/avemotion_repeater_transform_tests.dir/tests/repeater_transform_tests.cpp.o
[14/56] Building CXX object CMakeFiles/avemotion_trim_path_tests.dir/tests/trim_path_tests.cpp.o
[15/56] Linking CXX static library libavemotion_backend_d2d_contract.a
[16/56] Building CXX object CMakeFiles/avemotion_direct2d_header_tests.dir/tests/direct2d_header_tests.cpp.o
[17/56] Building CXX object CMakeFiles/avemotion_direct2d_contract_tests.dir/tests/direct2d_contract_tests.cpp.o
[18/56] Building CXX object CMakeFiles/avemotion_reference_tests.dir/tests/reference_tests.cpp.o
[19/56] Building CXX object CMakeFiles/avemotion_runtime_seams_tests.dir/tests/runtime_seams_tests.cpp.o
[20/56] Building CXX object CMakeFiles/avemotion_property_parity_tests.dir/tests/property_parity_tests.cpp.o
[21/56] Building CXX object CMakeFiles/avemotion_parsed_model_tests.dir/tests/parsed_model_tests.cpp.o
[22/56] Building CXX object CMakeFiles/avemotion_asset_model_tests.dir/tests/asset_model_tests.cpp.o
[23/56] Building CXX object CMakeFiles/avemotion_source_geometry_projection_tests.dir/tests/source_geometry_projection_tests.cpp.o
[24/56] Building CXX object CMakeFiles/avemotion_playback_tests.dir/tests/playback_tests.cpp.o
[25/56] Building CXX object CMakeFiles/avemotion_model_render_plan_tests.dir/tests/model_render_plan_tests.cpp.o
[26/56] Building CXX object CMakeFiles/avemotion_manifest_tests.dir/tests/manifest_tests.cpp.o
[27/56] Building CXX object CMakeFiles/avemotion_canonical_geometry_tests.dir/tests/canonical_geometry_tests.cpp.o
[28/56] Building CXX object CMakeFiles/avemotion_scene_golden_tests.dir/tests/scene_golden_tests.cpp.o
[29/56] Linking CXX executable avemotion_probe
[30/56] Linking CXX executable avemotion_characterize
[31/56] Linking CXX executable avemotion_scene_characterize
[32/56] Building CXX object CMakeFiles/avemotion_plan_golden_tests.dir/tests/plan_golden_tests.cpp.o
[33/56] Linking CXX executable avemotion_plan_characterize
[34/56] Linking CXX executable avemotion_model_characterize
[35/56] Linking CXX executable avemotion_property_characterize
[36/56] Linking CXX executable avemotion_core_tests
[37/56] Linking CXX executable avemotion_property_evaluator_tests
[38/56] Linking CXX executable avemotion_render_plan_tests
[39/56] Linking CXX executable avemotion_source_geometry_characterize
[40/56] Linking CXX executable avemotion_polystar_geometry_tests
[41/56] Linking CXX executable avemotion_repeater_transform_tests
[42/56] Linking CXX executable avemotion_direct2d_header_tests
[43/56] Linking CXX executable avemotion_trim_path_tests
[44/56] Linking CXX executable avemotion_direct2d_contract_tests
[45/56] Linking CXX executable avemotion_reference_tests
[46/56] Linking CXX executable avemotion_runtime_seams_tests
[47/56] Linking CXX executable avemotion_property_parity_tests
[48/56] Linking CXX executable avemotion_parsed_model_tests
[49/56] Linking CXX executable avemotion_source_geometry_projection_tests
[50/56] Linking CXX executable avemotion_asset_model_tests
[51/56] Linking CXX executable avemotion_playback_tests
[52/56] Linking CXX executable avemotion_model_render_plan_tests
[53/56] Linking CXX executable avemotion_manifest_tests
[54/56] Linking CXX executable avemotion_canonical_geometry_tests
[55/56] Linking CXX executable avemotion_scene_golden_tests
[56/56] Linking CXX executable avemotion_plan_golden_tests
